Archive member included to satisfy reference by file (symbol)

C:/ST/STM32CubeCLT_1.17.0/GNU-tools-for-STM32/bin/../lib/gcc/arm-none-eabi/12.3.1/../../../../arm-none-eabi/lib/thumb/v7e-m+fp/hard\libc.a(libc_a-exit.o)
                              C:/ST/STM32CubeCLT_1.17.0/GNU-tools-for-STM32/bin/../lib/gcc/arm-none-eabi/12.3.1/../../../../arm-none-eabi/lib/thumb/v7e-m+fp/hard/crt0.o (exit)
C:/ST/STM32CubeCLT_1.17.0/GNU-tools-for-STM32/bin/../lib/gcc/arm-none-eabi/12.3.1/../../../../arm-none-eabi/lib/thumb/v7e-m+fp/hard\libc.a(libc_a-malloc.o)
                              build/usbh_audio.o (malloc)
C:/ST/STM32CubeCLT_1.17.0/GNU-tools-for-STM32/bin/../lib/gcc/arm-none-eabi/12.3.1/../../../../arm-none-eabi/lib/thumb/v7e-m+fp/hard\libc.a(libc_a-mallocr.o)
                              C:/ST/STM32CubeCLT_1.17.0/GNU-tools-for-STM32/bin/../lib/gcc/arm-none-eabi/12.3.1/../../../../arm-none-eabi/lib/thumb/v7e-m+fp/hard\libc.a(libc_a-malloc.o) (_malloc_r)
C:/ST/STM32CubeCLT_1.17.0/GNU-tools-for-STM32/bin/../lib/gcc/arm-none-eabi/12.3.1/../../../../arm-none-eabi/lib/thumb/v7e-m+fp/hard\libc.a(libc_a-mlock.o)
                              C:/ST/STM32CubeCLT_1.17.0/GNU-tools-for-STM32/bin/../lib/gcc/arm-none-eabi/12.3.1/../../../../arm-none-eabi/lib/thumb/v7e-m+fp/hard\libc.a(libc_a-mallocr.o) (__malloc_lock)
C:/ST/STM32CubeCLT_1.17.0/GNU-tools-for-STM32/bin/../lib/gcc/arm-none-eabi/12.3.1/../../../../arm-none-eabi/lib/thumb/v7e-m+fp/hard\libc.a(libc_a-findfp.o)
                              C:/ST/STM32CubeCLT_1.17.0/GNU-tools-for-STM32/bin/../lib/gcc/arm-none-eabi/12.3.1/../../../../arm-none-eabi/lib/thumb/v7e-m+fp/hard\libc.a(libc_a-exit.o) (__stdio_exit_handler)
C:/ST/STM32CubeCLT_1.17.0/GNU-tools-for-STM32/bin/../lib/gcc/arm-none-eabi/12.3.1/../../../../arm-none-eabi/lib/thumb/v7e-m+fp/hard\libc.a(libc_a-fwalk.o)
                              C:/ST/STM32CubeCLT_1.17.0/GNU-tools-for-STM32/bin/../lib/gcc/arm-none-eabi/12.3.1/../../../../arm-none-eabi/lib/thumb/v7e-m+fp/hard\libc.a(libc_a-findfp.o) (_fwalk_sglue)
C:/ST/STM32CubeCLT_1.17.0/GNU-tools-for-STM32/bin/../lib/gcc/arm-none-eabi/12.3.1/../../../../arm-none-eabi/lib/thumb/v7e-m+fp/hard\libc.a(libc_a-sprintf.o)
                              build/main.o (sprintf)
C:/ST/STM32CubeCLT_1.17.0/GNU-tools-for-STM32/bin/../lib/gcc/arm-none-eabi/12.3.1/../../../../arm-none-eabi/lib/thumb/v7e-m+fp/hard\libc.a(libc_a-stdio.o)
                              C:/ST/STM32CubeCLT_1.17.0/GNU-tools-for-STM32/bin/../lib/gcc/arm-none-eabi/12.3.1/../../../../arm-none-eabi/lib/thumb/v7e-m+fp/hard\libc.a(libc_a-findfp.o) (__sread)
C:/ST/STM32CubeCLT_1.17.0/GNU-tools-for-STM32/bin/../lib/gcc/arm-none-eabi/12.3.1/../../../../arm-none-eabi/lib/thumb/v7e-m+fp/hard\libc.a(libc_a-memset.o)
                              C:/ST/STM32CubeCLT_1.17.0/GNU-tools-for-STM32/bin/../lib/gcc/arm-none-eabi/12.3.1/../../../../arm-none-eabi/lib/thumb/v7e-m+fp/hard/crt0.o (memset)
C:/ST/STM32CubeCLT_1.17.0/GNU-tools-for-STM32/bin/../lib/gcc/arm-none-eabi/12.3.1/../../../../arm-none-eabi/lib/thumb/v7e-m+fp/hard\libc.a(libc_a-closer.o)
                              C:/ST/STM32CubeCLT_1.17.0/GNU-tools-for-STM32/bin/../lib/gcc/arm-none-eabi/12.3.1/../../../../arm-none-eabi/lib/thumb/v7e-m+fp/hard\libc.a(libc_a-stdio.o) (_close_r)
C:/ST/STM32CubeCLT_1.17.0/GNU-tools-for-STM32/bin/../lib/gcc/arm-none-eabi/12.3.1/../../../../arm-none-eabi/lib/thumb/v7e-m+fp/hard\libc.a(libc_a-reent.o)
                              C:/ST/STM32CubeCLT_1.17.0/GNU-tools-for-STM32/bin/../lib/gcc/arm-none-eabi/12.3.1/../../../../arm-none-eabi/lib/thumb/v7e-m+fp/hard\libc.a(libc_a-closer.o) (errno)
C:/ST/STM32CubeCLT_1.17.0/GNU-tools-for-STM32/bin/../lib/gcc/arm-none-eabi/12.3.1/../../../../arm-none-eabi/lib/thumb/v7e-m+fp/hard\libc.a(libc_a-impure.o)
                              C:/ST/STM32CubeCLT_1.17.0/GNU-tools-for-STM32/bin/../lib/gcc/arm-none-eabi/12.3.1/../../../../arm-none-eabi/lib/thumb/v7e-m+fp/hard\libc.a(libc_a-malloc.o) (_impure_ptr)
C:/ST/STM32CubeCLT_1.17.0/GNU-tools-for-STM32/bin/../lib/gcc/arm-none-eabi/12.3.1/../../../../arm-none-eabi/lib/thumb/v7e-m+fp/hard\libc.a(libc_a-lseekr.o)
                              C:/ST/STM32CubeCLT_1.17.0/GNU-tools-for-STM32/bin/../lib/gcc/arm-none-eabi/12.3.1/../../../../arm-none-eabi/lib/thumb/v7e-m+fp/hard\libc.a(libc_a-stdio.o) (_lseek_r)
C:/ST/STM32CubeCLT_1.17.0/GNU-tools-for-STM32/bin/../lib/gcc/arm-none-eabi/12.3.1/../../../../arm-none-eabi/lib/thumb/v7e-m+fp/hard\libc.a(libc_a-readr.o)
                              C:/ST/STM32CubeCLT_1.17.0/GNU-tools-for-STM32/bin/../lib/gcc/arm-none-eabi/12.3.1/../../../../arm-none-eabi/lib/thumb/v7e-m+fp/hard\libc.a(libc_a-stdio.o) (_read_r)
C:/ST/STM32CubeCLT_1.17.0/GNU-tools-for-STM32/bin/../lib/gcc/arm-none-eabi/12.3.1/../../../../arm-none-eabi/lib/thumb/v7e-m+fp/hard\libc.a(libc_a-sbrkr.o)
[...]
Memory Configuration

Name             Origin             Length             Attributes
RAM              0x20000000         0x00040000         xrw
FLASH            0x08000000         0x00080000         xr
*default*        0x00000000         0xffffffff

Linker script and memory map

LOAD C:/ST/STM32CubeCLT_1.17.0/GNU-tools-for-STM32/bin/../lib/gcc/arm-none-eabi/12.3.1/thumb/v7e-m+fp/hard/crti.o
LOAD C:/ST/STM32CubeCLT_1.17.0/GNU-tools-for-STM32/bin/../lib/gcc/arm-none-eabi/12.3.1/thumb/v7e-m+fp/hard/crtbegin.o
LOAD C:/ST/STM32CubeCLT_1.17.0/GNU-tools-for-STM32/bin/../lib/gcc/arm-none-eabi/12.3.1/../../../../arm-none-eabi/lib/thumb/v7e-m+fp/hard/crt0.o
LOAD build/main.o
LOAD build/pca9685.o
LOAD build/motor.o
LOAD build/leg.o
LOAD build/quadruped.o
LOAD build/utility.o
LOAD build/argos_parameters.o
LOAD build/input_functions.o
LOAD build/stm32f7xx_it.o
LOAD build/stm32f7xx_hal_msp.o
LOAD build/stm32f7xx_hal_timebase_tim.o
LOAD build/usb_host.o
LOAD build/usbh_conf.o
LOAD build/usbh_platform.o
LOAD build/stm32f7xx_hal_hcd.o
LOAD build/stm32f7xx_ll_usb.o
LOAD build/stm32f7xx_hal_rcc.o
LOAD build/stm32f7xx_hal_rcc_ex.o
LOAD build/stm32f7xx_hal_flash.o
LOAD build/stm32f7xx_hal_flash_ex.o
LOAD build/stm32f7xx_hal_gpio.o
LOAD build/stm32f7xx_hal_dma.o
LOAD build/stm32f7xx_hal_dma_ex.o
LOAD build/stm32f7xx_hal_pwr.o
LOAD build/stm32f7xx_hal_pwr_ex.o
LOAD build/stm32f7xx_hal_cortex.o
LOAD build/stm32f7xx_hal.o
LOAD build/stm32f7xx_hal_i2c.o
LOAD build/stm32f7xx_hal_i2c_ex.o
LOAD build/stm32f7xx_hal_exti.o
LOAD build/stm32f7xx_hal_adc.o
LOAD build/stm32f7xx_hal_adc_ex.o
LOAD build/stm32f7xx_ll_fmc.o
LOAD build/stm32f7xx_hal_sram.o
LOAD build/stm32f7xx_hal_qspi.o
LOAD build/stm32f7xx_hal_sai.o
LOAD build/stm32f7xx_hal_sai_ex.o
LOAD build/stm32f7xx_hal_spi.o
LOAD build/stm32f7xx_hal_spi_ex.o
LOAD build/stm32f7xx_hal_tim.o
LOAD build/stm32f7xx_hal_tim_ex.o
LOAD build/stm32f7xx_hal_uart.o
LOAD build/stm32f7xx_hal_uart_ex.o
LOAD build/system_stm32f7xx.o
LOAD build/usbh_core.o
LOAD build/usbh_ctlreq.o
LOAD build/usbh_ioreq.o
LOAD build/usbh_pipes.o
LOAD build/usbh_audio.o
LOAD build/usbh_msc.o
LOAD build/usbh_msc_bot.o
LOAD build/usbh_msc_scsi.o
LOAD build/sysmem.o
LOAD build/syscalls.o
LOAD build/startup_stm32f723xx.o
LOAD C:/ST/STM32CubeCLT_1.17.0/GNU-tools-for-STM32/bin/../lib/gcc/arm-none-eabi/12.3.1/../../../../arm-none-eabi/lib/thumb/v7e-m+fp/hard\libc.a
LOAD C:/ST/STM32CubeCLT_1.17.0/GNU-tools-for-STM32/bin/../lib/gcc/arm-none-eabi/12.3.1/../../../../arm-none-eabi/lib/thumb/v7e-m+fp/hard\libm.a
LOAD C:/ST/STM32CubeCLT_1.17.0/GNU-tools-for-STM32/bin/../lib/gcc/arm-none-eabi/12.3.1/../../../../arm-none-eabi/lib/thumb/v7e-m+fp/hard\libnosys.a
START GROUP
LOAD C:/ST/STM32CubeCLT_1.17.0/GNU-tools-for-STM32/bin/../lib/gcc/arm-none-eabi/12.3.1/thumb/v7e-m+fp/hard\libgcc.a
LOAD C:/ST/STM32CubeCLT_1.17.0/GNU-tools-for-STM32/bin/../lib/gcc/arm-none-eabi/12.3.1/../../../../arm-none-eabi/lib/thumb/v7e-m+fp/hard\libc.a
END GROUP
LOAD C:/ST/STM32CubeCLT_1.17.0/GNU-tools-for-STM32/bin/../lib/gcc/arm-none-eabi/12.3.1/thumb/v7e-m+fp/hard/crtend.o
LOAD C:/ST/STM32CubeCLT_1.17.0/GNU-tools-for-STM32/bin/../lib/gcc/arm-none-eabi/12.3.1/thumb/v7e-m+fp/hard/crtn.o
                0x20040000                        _estack = (ORIGIN (RAM) + LENGTH (RAM))
                0x00000200                        _Min_Heap_Size = 0x200
                0x00000400                        _Min_Stack_Size = 0x400

.isr_vector     0x08000000      0x1e0
                0x08000000                        . = ALIGN (0x4)
 *(.isr_vector)
 .isr_vector    0x08000000      0x1e0 build/startup_stm32f723xx.o
                0x08000000                g_pfnVectors
                0x080001e0                        . = ALIGN (0x4)

.text           0x080001e0     0xfc80
                0x080001e0                        . = ALIGN (0x4)
 *(.text)
 .text          0x080001e0       0x40 C:/ST/STM32CubeCLT_1.17.0/GNU-tools-for-STM32/bin/../lib/gcc/arm-none-eabi/12.3.1/thumb/v7e-m+fp/hard/crtbegin.o
 .text          0x08000220       0x10 C:/ST/STM32CubeCLT_1.17.0/GNU-tools-for-STM32/bin/../lib/gcc/arm-none-eabi/12.3.1/../../../../arm-none-eabi/lib/thumb/v7e-m+fp/hard\libc.a(libc_a-strlen.o)
                0x08000220                strlen
 .text          0x08000230       0xa0 C:/ST/STM32CubeCLT_1.17.0/GNU-tools-for-STM32/bin/../lib/gcc/arm-none-eabi/12.3.1/../../../../arm-none-eabi/lib/thumb/v7e-m+fp/hard\libc.a(libc_a-memchr.o)
                0x08000230                memchr
 .text          0x080002d0      0x378 C:/ST/STM32CubeCLT_1.17.0/GNU-tools-for-STM32/bin/../lib/gcc/arm-none-eabi/12.3.1/thumb/v7e-m+fp/hard\libgcc.a(_arm_addsubdf3.o)
                0x080002d0                __aeabi_drsub
                0x080002d8                __aeabi_dsub
                0x080002d8                __subdf3
                0x080002dc                __aeabi_dadd
                0x080002dc                __adddf3
                0x08000554                __floatunsidf
                0x08000554                __aeabi_ui2d
                0x08000574                __floatsidf
                0x08000574                __aeabi_i2d
                0x08000598                __aeabi_f2d
                0x08000598                __extendsfdf2
                0x080005dc                __floatundidf
                0x080005dc                __aeabi_ul2d
                0x080005ec                __floatdidf
                0x080005ec                __aeabi_l2d
 .text          0x08000648      0x424 C:/ST/STM32CubeCLT_1.17.0/GNU-tools-for-STM32/bin/../lib/gcc/arm-none-eabi/12.3.1/thumb/v7e-m+fp/hard\libgcc.a(_arm_muldivdf3.o)
                0x08000648                __aeabi_dmul
                0x08000648                __muldf3
                0x0800089c                __divdf3
                0x0800089c                __aeabi_ddiv
 .text          0x08000a6c      0x110 C:/ST/STM32CubeCLT_1.17.0/GNU-tools-for-STM32/bin/../lib/gcc/arm-none-eabi/12.3.1/thumb/v7e-m+fp/hard\libgcc.a(_arm_cmpdf2.o)
                0x08000a6c                __gtdf2
                0x08000a6c                __gedf2
                0x08000a74                __ltdf2
                0x08000a74                __ledf2
                0x08000a7c                __nedf2
                0x08000a7c                __eqdf2
                0x08000a7c                __cmpdf2
                0x08000af8                __aeabi_cdrcmple
                0x08000b08                __aeabi_cdcmpeq
                0x08000b08                __aeabi_cdcmple
                0x08000b18                __aeabi_dcmpeq
                0x08000b2c                __aeabi_dcmplt
                0x08000b40                __aeabi_dcmple
                0x08000b54                __aeabi_dcmpge
                0x08000b68                __aeabi_dcmpgt
 .text          0x08000b7c       0x2c C:/ST/STM32CubeCLT_1.17.0/GNU-tools-for-STM32/bin/../lib/gcc/arm-none-eabi/12.3.1/thumb/v7e-m+fp/hard\libgcc.a(_arm_unorddf2.o)
                0x08000b7c                __unorddf2
                0x08000b7c                __aeabi_dcmpun
 .text          0x08000ba8       0x50 C:/ST/STM32CubeCLT_1.17.0/GNU-tools-for-STM32/bin/../lib/gcc/arm-none-eabi/12.3.1/thumb/v7e-m+fp/hard\libgcc.a(_arm_fixdfsi.o)
                0x08000ba8                __aeabi_d2iz
                0x08000ba8                __fixdfsi
 .text          0x08000bf8       0x40 C:/ST/STM32CubeCLT_1.17.0/GNU-tools-for-STM32/bin/../lib/gcc/arm-none-eabi/12.3.1/thumb/v7e-m+fp/hard\libgcc.a(_arm_fixunsdfsi.o)
                0x08000bf8                __aeabi_d2uiz
                0x08000bf8                __fixunsdfsi
 .text          0x08000c38       0xa0 C:/ST/STM32CubeCLT_1.17.0/GNU-tools-for-STM32/bin/../lib/gcc/arm-none-eabi/12.3.1/thumb/v7e-m+fp/hard\libgcc.a(_arm_truncdfsf2.o)
                0x08000c38                __truncdfsf2
                0x08000c38                __aeabi_d2f
 .text          0x08000cd8       0x30 C:/ST/STM32CubeCLT_1.17.0/GNU-tools-for-STM32/bin/../lib/gcc/arm-none-eabi/12.3.1/thumb/v7e-m+fp/hard\libgcc.a(_aeabi_uldivmod.o)
                0x08000cd8                __aeabi_uldivmod
 .text          0x08000d08      0x2bc C:/ST/STM32CubeCLT_1.17.0/GNU-tools-for-STM32/bin/../lib/gcc/arm-none-eabi/12.3.1/thumb/v7e-m+fp/hard\libgcc.a(_udivmoddi4.o)
                0x08000d08                __udivmoddi4
 .text          0x08000fc4        0x4 C:/ST/STM32CubeCLT_1.17.0/GNU-tools-for-STM32/bin/../lib/gcc/arm-none-eabi/12.3.1/thumb/v7e-m+fp/hard\libgcc.a(_dvmd_tls.o)
                0x08000fc4                __aeabi_idiv0
                0x08000fc4                __aeabi_ldiv0
 *(.text*)
 .text.MX_GPIO_Init
                0x08000fc8      0x270 build/main.o
 .text.HAL_TIM_PeriodElapsedCallback
                0x08001238       0x18 build/main.o
                0x08001238                HAL_TIM_PeriodElapsedCallback
 .text.Error_Handler
                0x08001250        0x4 build/main.o
                0x08001250                Error_Handler
 .text.MX_ADC1_Init
                0x08001254       0x9c build/main.o
 .text.MX_ADC2_Init
                0x080012f0       0x6c build/main.o
 .text.MX_ADC3_Init
                0x0800135c       0x6c build/main.o
 .text.MX_FMC_Init
                0x080013c8       0xcc build/main.o
 .text.MX_I2C1_Init
                0x08001494       0x54 build/main.o
 .text.MX_I2C2_Init
                0x080014e8       0x54 build/main.o
 .text.MX_I2C3_Init
                0x0800153c       0x54 build/main.o
 .text.MX_QUADSPI_Init
                0x08001590       0x38 build/main.o
 .text.MX_SAI2_Init
                0x080015c8       0xa4 build/main.o
 .text.MX_SPI1_Init
                0x0800166c       0x48 build/main.o
 .text.MX_SPI2_Init
                0x080016b4       0x48 build/main.o
 .text.MX_TIM2_Init
                0x080016fc       0x78 build/main.o
 .text.MX_TIM3_Init
                0x08001774       0x7c build/main.o
 .text.MX_TIM5_Init
                0x080017f0       0x6c build/main.o
 .text.MX_TIM9_Init
                0x0800185c       0x74 build/main.o
 .text.MX_TIM12_Init
                0x080018d0       0x60 build/main.o
 .text.MX_UART4_Init
                0x08001930       0x38 build/main.o
 .text.MX_UART5_Init
                0x08001968       0x38 build/main.o
 .text.MX_UART7_Init
                0x080019a0       0x3c build/main.o
 .text.MX_USART2_UART_Init
                0x080019dc       0x38 build/main.o
 .text.MX_USART6_UART_Init
                0x08001a14       0x38 build/main.o
 .text.SystemClock_Config
                0x08001a4c       0xb4 build/main.o
                0x08001a4c                SystemClock_Config
 .text.PeriphCommonClock_Config
                0x08001b00       0x32 build/main.o
                0x08001b00                PeriphCommonClock_Config
 *fill*         0x08001b32        0x2 
 .text.main     0x08001b34      0x140 build/main.o
                0x08001b34                main
 .text.PCA9685_Write
                0x08001c74       0x4c build/pca9685.o
                0x08001c74                PCA9685_Write
 .text.PCA9685_Init
                0x08001cc0       0x68 build/pca9685.o
                0x08001cc0                PCA9685_Init
 .text.PCA9685_Read
                0x08001d28       0x3e build/pca9685.o
                0x08001d28                PCA9685_Read
 *fill*         0x08001d66        0x2 
 .text.PCA9685_SetPWMFrequency
                0x08001d68      0x120 build/pca9685.o
                0x08001d68                PCA9685_SetPWMFrequency
 .text.setPWM   0x08001e88       0x48 build/pca9685.o
                0x08001e88                setPWM
 .text.motorSetAngle
                0x08001ed0       0x54 build/motor.o
                0x08001ed0                motorSetAngle
 *fill*         0x08001f24        0x4 
 .text.IK       0x08001f28      0x270 build/leg.o
                0x08001f28                IK
 .text.legPositionIncrement
                0x08002198       0x8c build/leg.o
                0x08002198                legPositionIncrement
 .text.moveLeg  0x08002224       0x1a build/leg.o
                0x08002224                moveLeg
 *fill*         0x0800223e        0x2 
 .text.home     0x08002240       0x34 build/leg.o
                0x08002240                home
 .text.quadHome
                0x08002274       0x18 build/quadruped.o
                0x08002274                quadHome
 .text.clip     0x0800228c       0x22 build/utility.o
                0x0800228c                clip
 *fill*         0x080022ae        0x2 
 .text.analogClipSet
                0x080022b0       0x8c build/input_functions.o
                0x080022b0                analogClipSet
 .text.NMI_Handler
                0x0800233c        0x2 build/stm32f7xx_it.o
                0x0800233c                NMI_Handler
 .text.HardFault_Handler
                0x0800233e        0x2 build/stm32f7xx_it.o
                0x0800233e                HardFault_Handler
 .text.MemManage_Handler
                0x08002340        0x2 build/stm32f7xx_it.o
                0x08002340                MemManage_Handler
 .text.BusFault_Handler
                0x08002342        0x2 build/stm32f7xx_it.o
                0x08002342                BusFault_Handler
 .text.UsageFault_Handler
                0x08002344        0x2 build/stm32f7xx_it.o
                0x08002344                UsageFault_Handler
 .text.SVC_Handler
                0x08002346        0x2 build/stm32f7xx_it.o
                0x08002346                SVC_Handler
 .text.DebugMon_Handler
                0x08002348        0x2 build/stm32f7xx_it.o
                0x08002348                DebugMon_Handler
 .text.PendSV_Handler
                0x0800234a        0x2 build/stm32f7xx_it.o
                0x0800234a                PendSV_Handler
 .text.SysTick_Handler
                0x0800234c        0x2 build/stm32f7xx_it.o
                0x0800234c                SysTick_Handler
 *fill*         0x0800234e        0x2 
 .text.ADC_IRQHandler
                0x08002350       0x24 build/stm32f7xx_it.o
                0x08002350                ADC_IRQHandler
 .text.TIM1_UP_TIM10_IRQHandler
                0x08002374       0x10 build/stm32f7xx_it.o
                0x08002374                TIM1_UP_TIM10_IRQHandler
 .text.TIM5_IRQHandler
                0x08002384       0x10 build/stm32f7xx_it.o
                0x08002384                TIM5_IRQHandler
 .text.OTG_FS_IRQHandler
                0x08002394       0x10 build/stm32f7xx_it.o
                0x08002394                OTG_FS_IRQHandler
 .text.OTG_HS_IRQHandler
                0x080023a4       0x10 build/stm32f7xx_it.o
                0x080023a4                OTG_HS_IRQHandler
 .text.HAL_FMC_MspInit
                0x080023b4       0xc4 build/stm32f7xx_hal_msp.o
 .text.HAL_MspInit
                0x08002478       0x30 build/stm32f7xx_hal_msp.o
                0x08002478                HAL_MspInit
 .text.HAL_ADC_MspInit
                0x080024a8      0x168 build/stm32f7xx_hal_msp.o
                0x080024a8                HAL_ADC_MspInit
 .text.HAL_I2C_MspInit
                0x08002610      0x190 build/stm32f7xx_hal_msp.o
                0x08002610                HAL_I2C_MspInit
 .text.HAL_QSPI_MspInit
                0x080027a0      0x110 build/stm32f7xx_hal_msp.o
                0x080027a0                HAL_QSPI_MspInit
 .text.HAL_SPI_MspInit
                0x080028b0      0x10c build/stm32f7xx_hal_msp.o
                0x080028b0                HAL_SPI_MspInit
 .text.HAL_TIM_PWM_MspInit
                0x080029bc       0x88 build/stm32f7xx_hal_msp.o
                0x080029bc                HAL_TIM_PWM_MspInit
 .text.HAL_TIM_Base_MspInit
                0x08002a44       0x74 build/stm32f7xx_hal_msp.o
                0x08002a44                HAL_TIM_Base_MspInit
 .text.HAL_TIM_MspPostInit
                0x08002ab8       0xfc build/stm32f7xx_hal_msp.o
                0x08002ab8                HAL_TIM_MspPostInit
 .text.HAL_UART_MspInit
                0x08002bb4      0x24c build/stm32f7xx_hal_msp.o
                0x08002bb4                HAL_UART_MspInit
 .text.HAL_SRAM_MspInit
                0x08002e00        0x8 build/stm32f7xx_hal_msp.o
                0x08002e00                HAL_SRAM_MspInit
 .text.HAL_SAI_MspInit
                0x08002e08       0xac build/stm32f7xx_hal_msp.o
                0x08002e08                HAL_SAI_MspInit
 .text.HAL_InitTick
                0x08002eb4       0x94 build/stm32f7xx_hal_timebase_tim.o
                0x08002eb4                HAL_InitTick
 .text.USBH_UserProcess1
                0x08002f48       0x2c build/usb_host.o
 .text.USBH_UserProcess2
                0x08002f74       0x2c build/usb_host.o
 .text.MX_USB_HOST_Init
                0x08002fa0       0x7c build/usb_host.o
                0x08002fa0                MX_USB_HOST_Init
 .text.HAL_HCD_MspInit
                0x0800301c      0x160 build/usbh_conf.o
                0x0800301c                HAL_HCD_MspInit
 .text.HAL_HCD_SOF_Callback
                0x0800317c        0xc build/usbh_conf.o
                0x0800317c                HAL_HCD_SOF_Callback
 .text.HAL_HCD_Connect_Callback
                0x08003188        0xc build/usbh_conf.o
                0x08003188                HAL_HCD_Connect_Callback
 .text.HAL_HCD_Disconnect_Callback
                0x08003194        0xc build/usbh_conf.o
                0x08003194                HAL_HCD_Disconnect_Callback
 .text.HAL_HCD_HC_NotifyURBChange_Callback
                0x080031a0        0x2 build/usbh_conf.o
                0x080031a0                HAL_HCD_HC_NotifyURBChange_Callback
 .text.HAL_HCD_PortEnabled_Callback
                0x080031a2        0xc build/usbh_conf.o
                0x080031a2                HAL_HCD_PortEnabled_Callback
 .text.HAL_HCD_PortDisabled_Callback
                0x080031ae        0xc build/usbh_conf.o
                0x080031ae                HAL_HCD_PortDisabled_Callback
 *fill*         0x080031ba        0x2 
 .text.USBH_LL_Init
                0x080031bc       0xa4 build/usbh_conf.o
                0x080031bc                USBH_LL_Init
 .text.USBH_LL_GetLastXferSize
                0x08003260        0xc build/usbh_conf.o
                0x08003260                USBH_LL_GetLastXferSize
 .text.USBH_LL_GetURBState
                0x0800326c        0xc build/usbh_conf.o
                0x0800326c                USBH_LL_GetURBState
 .text.USBH_LL_DriverVBUS
                0x08003278       0x2e build/usbh_conf.o
                0x08003278                USBH_LL_DriverVBUS
 .text.USBH_LL_SetToggle
                0x080032a6       0x2e build/usbh_conf.o
                0x080032a6                USBH_LL_SetToggle
 .text.USBH_LL_GetToggle
                0x080032d4       0x2c build/usbh_conf.o
                0x080032d4                USBH_LL_GetToggle
 .text.USBH_Get_USB_Status
                0x08003300       0x14 build/usbh_conf.o
                0x08003300                USBH_Get_USB_Status
 .text.USBH_LL_Start
                0x08003314       0x10 build/usbh_conf.o
                0x08003314                USBH_LL_Start
 .text.USBH_LL_Stop
                0x08003324       0x10 build/usbh_conf.o
                0x08003324                USBH_LL_Stop
 .text.USBH_LL_OpenPipe
                0x08003334       0x26 build/usbh_conf.o
                0x08003334                USBH_LL_OpenPipe
 .text.USBH_LL_ClosePipe
                0x0800335a       0x10 build/usbh_conf.o
                0x0800335a                USBH_LL_ClosePipe
 .text.USBH_LL_SubmitURB
                0x0800336a       0x2a build/usbh_conf.o
                0x0800336a                USBH_LL_SubmitURB
 .text.MX_DriverVbusFS
                0x08003394       0x18 build/usbh_platform.o
                0x08003394                MX_DriverVbusFS
 .text.MX_DriverVbusHS
                0x080033ac       0x1c build/usbh_platform.o
                0x080033ac                MX_DriverVbusHS
 .text.HCD_RXQLVL_IRQHandler
                0x080033c8       0xa6 build/stm32f7xx_hal_hcd.o
 .text.HAL_HCD_HC_Halt
                0x0800346e       0x24 build/stm32f7xx_hal_hcd.o
                0x0800346e                HAL_HCD_HC_Halt
 .text.HAL_HCD_Init
                0x08003492       0x8e build/stm32f7xx_hal_hcd.o
                0x08003492                HAL_HCD_Init
 .text.HAL_HCD_HC_SubmitRequest
                0x08003520      0x1ce build/stm32f7xx_hal_hcd.o
                0x08003520                HAL_HCD_HC_SubmitRequest
 .text.HCD_Port_IRQHandler
                0x080036ee       0xb0 build/stm32f7xx_hal_hcd.o
 *fill*         0x0800379e        0x2 
 .text.HCD_HC_IN_IRQHandler
                0x080037a0      0x5cc build/stm32f7xx_hal_hcd.o
 .text.HCD_HC_OUT_IRQHandler
                0x08003d6c      0x478 build/stm32f7xx_hal_hcd.o
 .text.HAL_HCD_IRQHandler
                0x080041e4      0x15c build/stm32f7xx_hal_hcd.o
                0x080041e4                HAL_HCD_IRQHandler
 .text.HAL_HCD_Start
                0x08004340       0x2a build/stm32f7xx_hal_hcd.o
                0x08004340                HAL_HCD_Start
 .text.HAL_HCD_Stop
                0x0800436a       0x24 build/stm32f7xx_hal_hcd.o
                0x0800436a                HAL_HCD_Stop
 .text.HAL_HCD_HC_GetURBState
                0x0800438e        0xe build/stm32f7xx_hal_hcd.o
                0x0800438e                HAL_HCD_HC_GetURBState
 .text.HAL_HCD_HC_GetXferCount
                0x0800439c        0xc build/stm32f7xx_hal_hcd.o
                0x0800439c                HAL_HCD_HC_GetXferCount
 .text.HAL_HCD_GetCurrentFrame
                0x080043a8        0xa build/stm32f7xx_hal_hcd.o
                0x080043a8                HAL_HCD_GetCurrentFrame
 .text.HAL_HCD_HC_ClearHubInfo
                0x080043b2       0x18 build/stm32f7xx_hal_hcd.o
                0x080043b2                HAL_HCD_HC_ClearHubInfo
 .text.HAL_HCD_HC_Init
                0x080043ca       0xca build/stm32f7xx_hal_hcd.o
                0x080043ca                HAL_HCD_HC_Init
 .text.USB_CoreReset
                0x08004494       0x4a build/stm32f7xx_ll_usb.o
 *fill*         0x080044de        0x2 
 .text.USB_HS_PHYCInit
                0x080044e0       0x58 build/stm32f7xx_ll_usb.o
 .text.USB_CoreInit
                0x08004538       0xdc build/stm32f7xx_ll_usb.o
                0x08004538                USB_CoreInit
 .text.USB_EnableGlobalInt
                0x08004614        0xc build/stm32f7xx_ll_usb.o
                0x08004614                USB_EnableGlobalInt
 .text.USB_DisableGlobalInt
                0x08004620        0xc build/stm32f7xx_ll_usb.o
                0x08004620                USB_DisableGlobalInt
 .text.USB_FlushTxFifo
                0x0800462c       0x4a build/stm32f7xx_ll_usb.o
                0x0800462c                USB_FlushTxFifo
 .text.USB_FlushRxFifo
                0x08004676       0x46 build/stm32f7xx_ll_usb.o
                0x08004676                USB_FlushRxFifo
 .text.USB_WritePacket
                0x080046bc       0x2e build/stm32f7xx_ll_usb.o
                0x080046bc                USB_WritePacket
 .text.USB_ReadPacket
                0x080046ea       0x46 build/stm32f7xx_ll_usb.o
                0x080046ea                USB_ReadPacket
 .text.USB_ReadInterrupts
                0x08004730        0x8 build/stm32f7xx_ll_usb.o
                0x08004730                USB_ReadInterrupts
 .text.USB_ReadChInterrupts
                0x08004738       0x12 build/stm32f7xx_ll_usb.o
                0x08004738                USB_ReadChInterrupts
 .text.USB_GetMode
                0x0800474a        0x8 build/stm32f7xx_ll_usb.o
                0x0800474a                USB_GetMode
 .text.USB_SetCurrentMode
                0x08004752       0x62 build/stm32f7xx_ll_usb.o
                0x08004752                USB_SetCurrentMode
 .text.USB_HostInit
                0x080047b4       0xf0 build/stm32f7xx_ll_usb.o
                0x080047b4                USB_HostInit
 .text.USB_InitFSLSPClkSel
                0x080048a4       0x42 build/stm32f7xx_ll_usb.o
                0x080048a4                USB_InitFSLSPClkSel
 .text.USB_DriveVbus
                0x080048e6       0x46 build/stm32f7xx_ll_usb.o
                0x080048e6                USB_DriveVbus
 .text.USB_GetHostSpeed
                0x0800492c       0x16 build/stm32f7xx_ll_usb.o
                0x0800492c                USB_GetHostSpeed
 .text.USB_GetCurrentFrame
                0x08004942        0xa build/stm32f7xx_ll_usb.o
                0x08004942                USB_GetCurrentFrame
 .text.USB_HC_Init
                0x0800494c      0x138 build/stm32f7xx_ll_usb.o
                0x0800494c                USB_HC_Init
 .text.USB_HC_ReadInterrupt
                0x08004a84        0xa build/stm32f7xx_ll_usb.o
                0x08004a84                USB_HC_ReadInterrupt
 .text.USB_HC_Halt
                0x08004a8e       0xfc build/stm32f7xx_ll_usb.o
                0x08004a8e                USB_HC_Halt
 *fill*         0x08004b8a        0x2 
 .text.USB_DoPing
                0x08004b8c       0x24 build/stm32f7xx_ll_usb.o
                0x08004b8c                USB_DoPing
 .text.USB_HC_StartXfer
                0x08004bb0      0x2b4 build/stm32f7xx_ll_usb.o
                0x08004bb0                USB_HC_StartXfer
 .text.USB_StopHost
                0x08004e64       0x92 build/stm32f7xx_ll_usb.o
                0x08004e64                USB_StopHost
 *fill*         0x08004ef6        0x2 
 .text.HAL_RCC_OscConfig
                0x08004ef8      0x434 build/stm32f7xx_hal_rcc.o
                0x08004ef8                HAL_RCC_OscConfig
 .text.HAL_RCC_GetSysClockFreq
                0x0800532c       0xa8 build/stm32f7xx_hal_rcc.o
                0x0800532c                HAL_RCC_GetSysClockFreq
 .text.HAL_RCC_ClockConfig
                0x080053d4      0x16c build/stm32f7xx_hal_rcc.o
                0x080053d4                HAL_RCC_ClockConfig
 .text.HAL_RCC_GetHCLKFreq
                0x08005540        0xc build/stm32f7xx_hal_rcc.o
                0x08005540                HAL_RCC_GetHCLKFreq
 .text.HAL_RCC_GetPCLK1Freq
                0x0800554c       0x20 build/stm32f7xx_hal_rcc.o
                0x0800554c                HAL_RCC_GetPCLK1Freq
 .text.HAL_RCC_GetPCLK2Freq
                0x0800556c       0x20 build/stm32f7xx_hal_rcc.o
                0x0800556c                HAL_RCC_GetPCLK2Freq
 .text.HAL_RCC_GetClockConfig
                0x0800558c       0x3c build/stm32f7xx_hal_rcc.o
                0x0800558c                HAL_RCC_GetClockConfig
 .text.HAL_RCCEx_PeriphCLKConfig
                0x080055c8      0x4e4 build/stm32f7xx_hal_rcc_ex.o
                0x080055c8                HAL_RCCEx_PeriphCLKConfig
 .text.HAL_RCCEx_GetPeriphCLKFreq
                0x08005aac      0x1a8 build/stm32f7xx_hal_rcc_ex.o
                0x08005aac                HAL_RCCEx_GetPeriphCLKFreq
 .text.HAL_GPIO_Init
                0x08005c54      0x1e8 build/stm32f7xx_hal_gpio.o
                0x08005c54                HAL_GPIO_Init
 .text.HAL_GPIO_WritePin
                0x08005e3c        0xc build/stm32f7xx_hal_gpio.o
                0x08005e3c                HAL_GPIO_WritePin
 .text.HAL_PWR_EnableBkUpAccess
                0x08005e48       0x10 build/stm32f7xx_hal_pwr.o
                0x08005e48                HAL_PWR_EnableBkUpAccess
 .text.HAL_PWREx_EnableOverDrive
                0x08005e58       0x7c build/stm32f7xx_hal_pwr_ex.o
                0x08005e58                HAL_PWREx_EnableOverDrive
 .text.__NVIC_SetPriority
                0x08005ed4       0x24 build/stm32f7xx_hal_cortex.o
 .text.NVIC_EncodePriority
                0x08005ef8       0x3e build/stm32f7xx_hal_cortex.o
 *fill*         0x08005f36        0x2 
 .text.HAL_NVIC_SetPriorityGrouping
                0x08005f38       0x24 build/stm32f7xx_hal_cortex.o
                0x08005f38                HAL_NVIC_SetPriorityGrouping
 .text.HAL_NVIC_SetPriority
                0x08005f5c       0x20 build/stm32f7xx_hal_cortex.o
                0x08005f5c                HAL_NVIC_SetPriority
 .text.HAL_NVIC_EnableIRQ
                0x08005f7c       0x1c build/stm32f7xx_hal_cortex.o
                0x08005f7c                HAL_NVIC_EnableIRQ
 .text.HAL_Init
                0x08005f98       0x16 build/stm32f7xx_hal.o
                0x08005f98                HAL_Init
 *fill*         0x08005fae        0x2 
 .text.HAL_IncTick
                0x08005fb0       0x18 build/stm32f7xx_hal.o
                0x08005fb0                HAL_IncTick
 .text.HAL_GetTick
                0x08005fc8        0xc build/stm32f7xx_hal.o
                0x08005fc8                HAL_GetTick
 .text.HAL_Delay
                0x08005fd4       0x28 build/stm32f7xx_hal.o
                0x08005fd4                HAL_Delay
 .text.I2C_Flush_TXDR
                0x08005ffc       0x22 build/stm32f7xx_hal_i2c.o
 .text.I2C_TransferConfig
                0x0800601e       0x3c build/stm32f7xx_hal_i2c.o
 .text.I2C_IsErrorOccurred
                0x0800605a      0x118 build/stm32f7xx_hal_i2c.o
 .text.I2C_WaitOnTXISFlagUntilTimeout
                0x08006172       0x60 build/stm32f7xx_hal_i2c.o
 .text.I2C_WaitOnFlagUntilTimeout
                0x080061d2       0x7c build/stm32f7xx_hal_i2c.o
 .text.I2C_WaitOnSTOPFlagUntilTimeout
                0x0800624e       0x5e build/stm32f7xx_hal_i2c.o
 .text.I2C_WaitOnRXNEFlagUntilTimeout
                0x080062ac       0xaa build/stm32f7xx_hal_i2c.o
 *fill*         0x08006356        0x2 
 .text.HAL_I2C_Init
                0x08006358       0xc8 build/stm32f7xx_hal_i2c.o
                0x08006358                HAL_I2C_Init
 .text.HAL_I2C_Master_Transmit
                0x08006420      0x1a4 build/stm32f7xx_hal_i2c.o
                0x08006420                HAL_I2C_Master_Transmit
 .text.HAL_I2C_Master_Receive
                0x080065c4      0x17c build/stm32f7xx_hal_i2c.o
                0x080065c4                HAL_I2C_Master_Receive
 .text.HAL_I2CEx_ConfigAnalogFilter
                0x08006740       0x5c build/stm32f7xx_hal_i2c_ex.o
                0x08006740                HAL_I2CEx_ConfigAnalogFilter
 .text.HAL_I2CEx_ConfigDigitalFilter
                0x0800679c       0x58 build/stm32f7xx_hal_i2c_ex.o
                0x0800679c                HAL_I2CEx_ConfigDigitalFilter
 .text.ADC_Init
                0x080067f4      0x134 build/stm32f7xx_hal_adc.o
 .text.HAL_ADC_Init
                0x08006928       0x58 build/stm32f7xx_hal_adc.o
                0x08006928                HAL_ADC_Init
 .text.HAL_ADC_Start
                0x08006980      0x134 build/stm32f7xx_hal_adc.o
                0x08006980                HAL_ADC_Start
 .text.HAL_ADC_Stop
                0x08006ab4       0x40 build/stm32f7xx_hal_adc.o
                0x08006ab4                HAL_ADC_Stop
 .text.HAL_ADC_PollForConversion
                0x08006af4       0xc2 build/stm32f7xx_hal_adc.o
                0x08006af4                HAL_ADC_PollForConversion
 .text.HAL_ADC_GetValue
                0x08006bb6        0x6 build/stm32f7xx_hal_adc.o
                0x08006bb6                HAL_ADC_GetValue
 .text.HAL_ADC_ConvCpltCallback
                0x08006bbc        0x2 build/stm32f7xx_hal_adc.o
                0x08006bbc                HAL_ADC_ConvCpltCallback
 .text.HAL_ADC_LevelOutOfWindowCallback
                0x08006bbe        0x2 build/stm32f7xx_hal_adc.o
                0x08006bbe                HAL_ADC_LevelOutOfWindowCallback
 .text.HAL_ADC_ErrorCallback
                0x08006bc0        0x2 build/stm32f7xx_hal_adc.o
                0x08006bc0                HAL_ADC_ErrorCallback
 .text.HAL_ADC_IRQHandler
                0x08006bc2      0x136 build/stm32f7xx_hal_adc.o
                0x08006bc2                HAL_ADC_IRQHandler
 .text.HAL_ADC_ConfigChannel
                0x08006cf8      0x1e4 build/stm32f7xx_hal_adc.o
                0x08006cf8                HAL_ADC_ConfigChannel
 .text.HAL_ADCEx_InjectedConvCpltCallback
                0x08006edc        0x2 build/stm32f7xx_hal_adc_ex.o
                0x08006edc                HAL_ADCEx_InjectedConvCpltCallback
 *fill*         0x08006ede        0x2 
 .text.FMC_NORSRAM_Init
                0x08006ee0       0x94 build/stm32f7xx_ll_fmc.o
                0x08006ee0                FMC_NORSRAM_Init
 .text.FMC_NORSRAM_Timing_Init
                0x08006f74       0x64 build/stm32f7xx_ll_fmc.o
                0x08006f74                FMC_NORSRAM_Timing_Init
 .text.FMC_NORSRAM_Extended_Timing_Init
                0x08006fd8       0x44 build/stm32f7xx_ll_fmc.o
                0x08006fd8                FMC_NORSRAM_Extended_Timing_Init
 .text.HAL_SRAM_Init
                0x0800701c       0x58 build/stm32f7xx_hal_sram.o
                0x0800701c                HAL_SRAM_Init
 .text.QSPI_WaitFlagStateUntilTimeout
                0x08007074       0x54 build/stm32f7xx_hal_qspi.o
 .text.HAL_QSPI_SetTimeout
                0x080070c8        0x4 build/stm32f7xx_hal_qspi.o
                0x080070c8                HAL_QSPI_SetTimeout
 .text.HAL_QSPI_Init
                0x080070cc       0xb0 build/stm32f7xx_hal_qspi.o
                0x080070cc                HAL_QSPI_Init
 .text.SAI_Disable
                0x0800717c       0x44 build/stm32f7xx_hal_sai.o
 .text.HAL_SAI_Init
                0x080071c0      0x214 build/stm32f7xx_hal_sai.o
                0x080071c0                HAL_SAI_Init
 .text.HAL_SPI_Init
                0x080073d4       0xe8 build/stm32f7xx_hal_spi.o
                0x080073d4                HAL_SPI_Init
 .text.TIM_OC1_SetConfig
                0x080074bc       0x68 build/stm32f7xx_hal_tim.o
 .text.TIM_OC3_SetConfig
                0x08007524       0x70 build/stm32f7xx_hal_tim.o
 .text.TIM_OC4_SetConfig
                0x08007594       0x54 build/stm32f7xx_hal_tim.o
 .text.TIM_OC5_SetConfig
                0x080075e8       0x54 build/stm32f7xx_hal_tim.o
 .text.TIM_OC6_SetConfig
                0x0800763c       0x54 build/stm32f7xx_hal_tim.o
 .text.TIM_TI1_ConfigInputStage
                0x08007690       0x26 build/stm32f7xx_hal_tim.o
 .text.TIM_TI2_ConfigInputStage
                0x080076b6       0x28 build/stm32f7xx_hal_tim.o
 .text.TIM_ITRx_SetConfig
                0x080076de       0x10 build/stm32f7xx_hal_tim.o
 *fill*         0x080076ee        0x2 
 .text.HAL_TIM_Base_Start_IT
                0x080076f0       0x90 build/stm32f7xx_hal_tim.o
                0x080076f0                HAL_TIM_Base_Start_IT
 .text.HAL_TIM_OC_DelayElapsedCallback
                0x08007780        0x2 build/stm32f7xx_hal_tim.o
                0x08007780                HAL_TIM_OC_DelayElapsedCallback
 .text.HAL_TIM_IC_CaptureCallback
                0x08007782        0x2 build/stm32f7xx_hal_tim.o
                0x08007782                HAL_TIM_IC_CaptureCallback
 .text.HAL_TIM_PWM_PulseFinishedCallback
                0x08007784        0x2 build/stm32f7xx_hal_tim.o
                0x08007784                HAL_TIM_PWM_PulseFinishedCallback
 .text.HAL_TIM_TriggerCallback
                0x08007786        0x2 build/stm32f7xx_hal_tim.o
                0x08007786                HAL_TIM_TriggerCallback
 .text.HAL_TIM_IRQHandler
                0x08007788      0x17a build/stm32f7xx_hal_tim.o
                0x08007788                HAL_TIM_IRQHandler
 *fill*         0x08007902        0x2 
 .text.TIM_Base_SetConfig
                0x08007904      0x120 build/stm32f7xx_hal_tim.o
                0x08007904                TIM_Base_SetConfig
 .text.HAL_TIM_Base_Init
                0x08007a24       0x60 build/stm32f7xx_hal_tim.o
                0x08007a24                HAL_TIM_Base_Init
 .text.HAL_TIM_PWM_Init
                0x08007a84       0x60 build/stm32f7xx_hal_tim.o
                0x08007a84                HAL_TIM_PWM_Init
 .text.TIM_OC2_SetConfig
                0x08007ae4       0x70 build/stm32f7xx_hal_tim.o
                0x08007ae4                TIM_OC2_SetConfig
 .text.HAL_TIM_PWM_ConfigChannel
                0x08007b54      0x13a build/stm32f7xx_hal_tim.o
                0x08007b54                HAL_TIM_PWM_ConfigChannel
 .text.TIM_ETR_SetConfig
                0x08007c8e       0x1a build/stm32f7xx_hal_tim.o
                0x08007c8e                TIM_ETR_SetConfig
 .text.HAL_TIM_ConfigClockSource
                0x08007ca8      0x100 build/stm32f7xx_hal_tim.o
                0x08007ca8                HAL_TIM_ConfigClockSource
 .text.HAL_TIMEx_MasterConfigSynchronization
                0x08007da8       0xa0 build/stm32f7xx_hal_tim_ex.o
                0x08007da8                HAL_TIMEx_MasterConfigSynchronization
 .text.HAL_TIMEx_CommutCallback
                0x08007e48        0x2 build/stm32f7xx_hal_tim_ex.o
                0x08007e48                HAL_TIMEx_CommutCallback
 .text.HAL_TIMEx_BreakCallback
                0x08007e4a        0x2 build/stm32f7xx_hal_tim_ex.o
                0x08007e4a                HAL_TIMEx_BreakCallback
 .text.HAL_TIMEx_Break2Callback
                0x08007e4c        0x2 build/stm32f7xx_hal_tim_ex.o
                0x08007e4c                HAL_TIMEx_Break2Callback
 .text.UART_EndRxTransfer
                0x08007e4e       0x52 build/stm32f7xx_hal_uart.o
 .text.UART_SetConfig
                0x08007ea0      0x330 build/stm32f7xx_hal_uart.o
                0x08007ea0                UART_SetConfig
 .text.UART_AdvFeatureConfig
                0x080081d0       0xca build/stm32f7xx_hal_uart.o
                0x080081d0                UART_AdvFeatureConfig
 .text.UART_WaitOnFlagUntilTimeout
                0x0800829a       0xa6 build/stm32f7xx_hal_uart.o
                0x0800829a                UART_WaitOnFlagUntilTimeout
 .text.HAL_UART_Transmit
                0x08008340       0xc6 build/stm32f7xx_hal_uart.o
                0x08008340                HAL_UART_Transmit
 .text.UART_CheckIdleState
                0x08008406       0x68 build/stm32f7xx_hal_uart.o
                0x08008406                UART_CheckIdleState
 .text.HAL_UART_Init
                0x0800846e       0x62 build/stm32f7xx_hal_uart.o
                0x0800846e                HAL_UART_Init
 .text.SystemInit
                0x080084d0       0x14 build/system_stm32f7xx.o
                0x080084d0                SystemInit
 .text.USBH_HandleSof
                0x080084e4       0x1a build/usbh_core.o
 .text.DeInitStateMachine
                0x080084fe       0x96 build/usbh_core.o
 .text.USBH_Init
                0x08008594       0x3e build/usbh_core.o
                0x08008594                USBH_Init
 .text.USBH_RegisterClass
                0x080085d2       0x24 build/usbh_core.o
                0x080085d2                USBH_RegisterClass
 .text.USBH_SelectInterface
                0x080085f6       0x14 build/usbh_core.o
                0x080085f6                USBH_SelectInterface
 .text.USBH_FindInterface
                0x0800860a       0x54 build/usbh_core.o
                0x0800860a                USBH_FindInterface
 .text.USBH_FindInterfaceIndex
                0x0800865e       0x30 build/usbh_core.o
                0x0800865e                USBH_FindInterfaceIndex
 .text.USBH_Start
                0x0800868e       0x14 build/usbh_core.o
                0x0800868e                USBH_Start
 .text.USBH_LL_SetTimer
                0x080086a2        0x6 build/usbh_core.o
                0x080086a2                USBH_LL_SetTimer
 .text.USBH_LL_IncTimer
                0x080086a8       0x12 build/usbh_core.o
                0x080086a8                USBH_LL_IncTimer
 .text.USBH_LL_PortEnabled
                0x080086ba        0x8 build/usbh_core.o
                0x080086ba                USBH_LL_PortEnabled
 .text.USBH_LL_PortDisabled
                0x080086c2        0x8 build/usbh_core.o
                0x080086c2                USBH_LL_PortDisabled
 .text.USBH_LL_Connect
                0x080086ca       0x14 build/usbh_core.o
                0x080086ca                USBH_LL_Connect
 .text.USBH_LL_Disconnect
                0x080086de       0x2c build/usbh_core.o
                0x080086de                USBH_LL_Disconnect
 .text.USBH_HandleControl
                0x0800870a      0x1da build/usbh_ctlreq.o
 .text.USBH_GetNextDesc
                0x080088e4        0xe build/usbh_ctlreq.o
                0x080088e4                USBH_GetNextDesc
 .text.USBH_CtlReq
                0x080088f2       0x42 build/usbh_ctlreq.o
                0x080088f2                USBH_CtlReq
 .text.USBH_SetInterface
                0x08008934       0x22 build/usbh_ctlreq.o
                0x08008934                USBH_SetInterface
 .text.USBH_ClrFeature
                0x08008956       0x24 build/usbh_ctlreq.o
                0x08008956                USBH_ClrFeature
 .text.USBH_CtlSendSetup
                0x0800897a       0x22 build/usbh_ioreq.o
                0x0800897a                USBH_CtlSendSetup
 .text.USBH_CtlSendData
                0x0800899c       0x2c build/usbh_ioreq.o
                0x0800899c                USBH_CtlSendData
 .text.USBH_CtlReceiveData
                0x080089c8       0x20 build/usbh_ioreq.o
                0x080089c8                USBH_CtlReceiveData
 .text.USBH_BulkSendData
                0x080089e8       0x2c build/usbh_ioreq.o
                0x080089e8                USBH_BulkSendData
 .text.USBH_BulkReceiveData
                0x08008a14       0x20 build/usbh_ioreq.o
                0x08008a14                USBH_BulkReceiveData
 .text.USBH_InterruptReceiveData
                0x08008a34       0x20 build/usbh_ioreq.o
                0x08008a34                USBH_InterruptReceiveData
 .text.USBH_IsocSendData
                0x08008a54       0x22 build/usbh_ioreq.o
                0x08008a54                USBH_IsocSendData
 .text.USBH_GetFreePipe
                0x08008a76       0x26 build/usbh_pipes.o
 .text.USBH_OpenPipe
                0x08008a9c       0x20 build/usbh_pipes.o
                0x08008a9c                USBH_OpenPipe
 .text.USBH_ClosePipe
                0x08008abc        0xa build/usbh_pipes.o
                0x08008abc                USBH_ClosePipe
 .text.USBH_AllocPipe
                0x08008ac6       0x28 build/usbh_pipes.o
                0x08008ac6                USBH_AllocPipe
 .text.USBH_FreePipe
                0x08008aee       0x18 build/usbh_pipes.o
                0x08008aee                USBH_FreePipe
 .text.USBH_AUDIO_SOFProcess
                0x08008b06        0x4 build/usbh_audio.o
 .text.USBH_AUDIO_FindAudioStreamingIN
                0x08008b0a       0xa2 build/usbh_audio.o
 .text.USBH_AUDIO_FindAudioStreamingOUT
                0x08008bac       0xa6 build/usbh_audio.o
 .text.ParseCSDescriptors
                0x08008c52       0xb0 build/usbh_audio.o
 .text.USBH_AUDIO_FindLinkedUnit
                0x08008d02       0xca build/usbh_audio.o
 .text.USBH_AUDIO_BuildMicrophonePath
                0x08008dcc       0x9c build/usbh_audio.o
 .text.USBH_AUDIO_BuildHeadphonePath
                0x08008e68       0xe8 build/usbh_audio.o
 .text.USBH_AUDIO_SetEndpointControls
                0x08008f50       0x22 build/usbh_audio.o
 .text.USBH_AC_SetCur
                0x08008f72       0x7a build/usbh_audio.o
 .text.AUDIO_SetVolume
                0x08008fec       0x20 build/usbh_audio.o
 .text.USBH_AUDIO_SetControlAttribute
                0x0800900c       0x94 build/usbh_audio.o
 .text.USBH_AC_GetCur
                0x080090a0       0x96 build/usbh_audio.o
 .text.USBH_AC_GetMin
                0x08009136       0x96 build/usbh_audio.o
 .text.USBH_AC_GetMax
                0x080091cc       0x96 build/usbh_audio.o
 .text.USBH_AC_GetRes
                0x08009262       0x96 build/usbh_audio.o
 .text.USBH_AUDIO_CSRequest
                0x080092f8       0xea build/usbh_audio.o
 .text.USBH_AUDIO_HandleCSRequest
                0x080093e2       0x3e build/usbh_audio.o
 .text.USBH_AUDIO_Control
                0x08009420       0xd6 build/usbh_audio.o
 .text.USBH_AUDIO_ClassRequest
                0x080094f6      0x108 build/usbh_audio.o
 .text.USBH_AUDIO_InterfaceDeInit
                0x080095fe       0x7a build/usbh_audio.o
 .text.USBH_AUDIO_FindHIDControl
                0x08009678       0x88 build/usbh_audio.o
 .text.USBH_AUDIO_ParseCSDescriptors
                0x08009700       0x92 build/usbh_audio.o
 .text.USBH_AUDIO_InterfaceInit
                0x08009792      0x218 build/usbh_audio.o
 .text.USBH_AUDIO_FrequencySet
                0x080099aa        0x2 build/usbh_audio.o
                0x080099aa                USBH_AUDIO_FrequencySet
 .text.USBH_AUDIO_BufferEmptyCallback
                0x080099ac        0x2 build/usbh_audio.o
                0x080099ac                USBH_AUDIO_BufferEmptyCallback
 .text.USBH_AUDIO_Transmit
                0x080099ae       0xe8 build/usbh_audio.o
 .text.USBH_AUDIO_OutputStream
                0x08009a96       0x86 build/usbh_audio.o
 .text.USBH_AUDIO_Process
                0x08009b1c       0x1a build/usbh_audio.o
 .text.USBH_MSC_SOFProcess
                0x08009b36        0x4 build/usbh_msc.o
 .text.USBH_MSC_Process
                0x08009b3a      0x2fa build/usbh_msc.o
 .text.USBH_MSC_ClassRequest
                0x08009e34       0x72 build/usbh_msc.o
 .text.USBH_MSC_InterfaceDeInit
                0x08009ea6       0x50 build/usbh_msc.o
 .text.USBH_MSC_InterfaceInit
                0x08009ef6      0x142 build/usbh_msc.o
 .text.USBH_MSC_DecodeCSW
                0x0800a038       0x48 build/usbh_msc_bot.o
 .text.USBH_MSC_BOT_Abort
                0x0800a080       0x22 build/usbh_msc_bot.o
 .text.USBH_MSC_BOT_REQ_Reset
                0x0800a0a2       0x1a build/usbh_msc_bot.o
                0x0800a0a2                USBH_MSC_BOT_REQ_Reset
 .text.USBH_MSC_BOT_REQ_GetMaxLUN
                0x0800a0bc       0x1a build/usbh_msc_bot.o
                0x0800a0bc                USBH_MSC_BOT_REQ_GetMaxLUN
 *fill*         0x0800a0d6        0x2 
 .text.USBH_MSC_BOT_Init
                0x0800a0d8       0x24 build/usbh_msc_bot.o
                0x0800a0d8                USBH_MSC_BOT_Init
 .text.USBH_MSC_BOT_Process
                0x0800a0fc      0x256 build/usbh_msc_bot.o
                0x0800a0fc                USBH_MSC_BOT_Process
 .text.USBH_MSC_SCSI_TestUnitReady
                0x0800a352       0x4e build/usbh_msc_scsi.o
                0x0800a352                USBH_MSC_SCSI_TestUnitReady
 .text.USBH_MSC_SCSI_ReadCapacity
                0x0800a3a0       0x8e build/usbh_msc_scsi.o
                0x0800a3a0                USBH_MSC_SCSI_ReadCapacity
 .text.USBH_MSC_SCSI_Inquiry
                0x0800a42e       0xcc build/usbh_msc_scsi.o
                0x0800a42e                USBH_MSC_SCSI_Inquiry
 .text.USBH_MSC_SCSI_RequestSense
                0x0800a4fa       0x92 build/usbh_msc_scsi.o
                0x0800a4fa                USBH_MSC_SCSI_RequestSense
 .text._sbrk    0x0800a58c       0x48 build/sysmem.o
                0x0800a58c                _sbrk
 .text.ITM_SendChar
                0x0800a5d4       0x2c build/syscalls.o
                0x0800a5d4                ITM_SendChar
 .text._getpid  0x0800a600        0x4 build/syscalls.o
                0x0800a600                _getpid
 .text._kill    0x0800a604       0x10 build/syscalls.o
                0x0800a604                _kill
 .text._exit    0x0800a614        0xc build/syscalls.o
                0x0800a614                _exit
 .text._read    0x0800a620       0x20 build/syscalls.o
                0x0800a620                _read
 .text._write   0x0800a640       0x1c build/syscalls.o
                0x0800a640                _write
 .text._close   0x0800a65c        0x6 build/syscalls.o
                0x0800a65c                _close
 .text._fstat   0x0800a662        0xa build/syscalls.o
                0x0800a662                _fstat
 .text._isatty  0x0800a66c        0x4 build/syscalls.o
                0x0800a66c                _isatty
 .text._lseek   0x0800a670        0x4 build/syscalls.o
                0x0800a670                _lseek
 .text.Reset_Handler
                0x0800a674       0x50 build/startup_stm32f723xx.o
                0x0800a674                Reset_Handler
 .text.Default_Handler
                0x0800a6c4        0x2 build/startup_stm32f723xx.o
                0x0800a6c4                RTC_Alarm_IRQHandler
                0x0800a6c4                EXTI2_IRQHandler
                0x0800a6c4                TIM8_CC_IRQHandler
                0x0800a6c4                UART8_IRQHandler
                0x0800a6c4                SPI4_IRQHandler
                0x0800a6c4                TIM1_CC_IRQHandler
                0x0800a6c4                DMA2_Stream5_IRQHandler
                0x0800a6c4                DMA1_Stream5_IRQHandler
                0x0800a6c4                PVD_IRQHandler
                0x0800a6c4                TAMP_STAMP_IRQHandler
                0x0800a6c4                EXTI3_IRQHandler
                0x0800a6c4                TIM8_TRG_COM_TIM14_IRQHandler
                0x0800a6c4                TIM8_UP_TIM13_IRQHandler
                0x0800a6c4                I2C3_ER_IRQHandler
                0x0800a6c4                EXTI0_IRQHandler
                0x0800a6c4                I2C2_EV_IRQHandler
                0x0800a6c4                DMA1_Stream2_IRQHandler
                0x0800a6c4                CAN1_RX0_IRQHandler
                0x0800a6c4                FPU_IRQHandler
                0x0800a6c4                OTG_HS_WKUP_IRQHandler
                0x0800a6c4                DMA2_Stream2_IRQHandler
                0x0800a6c4                SPI1_IRQHandler
                0x0800a6c4                TIM6_DAC_IRQHandler
                0x0800a6c4                TIM1_BRK_TIM9_IRQHandler
                0x0800a6c4                DMA2_Stream3_IRQHandler
                0x0800a6c4                SAI2_IRQHandler
                0x0800a6c4                USART6_IRQHandler
                0x0800a6c4                USART3_IRQHandler
                0x0800a6c4                CAN1_RX1_IRQHandler
                0x0800a6c4                UART5_IRQHandler
                0x0800a6c4                DMA2_Stream0_IRQHandler
                0x0800a6c4                TIM4_IRQHandler
                0x0800a6c4                QUADSPI_IRQHandler
                0x0800a6c4                I2C1_EV_IRQHandler
                0x0800a6c4                DMA1_Stream6_IRQHandler
                0x0800a6c4                DMA1_Stream1_IRQHandler
                0x0800a6c4                UART4_IRQHandler
                0x0800a6c4                TIM3_IRQHandler
                0x0800a6c4                RCC_IRQHandler
                0x0800a6c4                TIM8_BRK_TIM12_IRQHandler
                0x0800a6c4                Default_Handler
                0x0800a6c4                EXTI15_10_IRQHandler
                0x0800a6c4                DMA1_Stream7_IRQHandler
                0x0800a6c4                SPI5_IRQHandler
                0x0800a6c4                TIM7_IRQHandler
                0x0800a6c4                SDMMC1_IRQHandler
                0x0800a6c4                DMA2_Stream7_IRQHandler
                0x0800a6c4                I2C3_EV_IRQHandler
                0x0800a6c4                EXTI9_5_IRQHandler
                0x0800a6c4                RTC_WKUP_IRQHandler
                0x0800a6c4                SPI2_IRQHandler
                0x0800a6c4                OTG_HS_EP1_IN_IRQHandler
                0x0800a6c4                DMA1_Stream0_IRQHandler
                0x0800a6c4                CAN1_TX_IRQHandler
                0x0800a6c4                EXTI4_IRQHandler
                0x0800a6c4                RNG_IRQHandler
                0x0800a6c4                OTG_HS_EP1_OUT_IRQHandler
                0x0800a6c4                WWDG_IRQHandler
                0x0800a6c4                TIM2_IRQHandler
                0x0800a6c4                OTG_FS_WKUP_IRQHandler
                0x0800a6c4                TIM1_TRG_COM_TIM11_IRQHandler
                0x0800a6c4                EXTI1_IRQHandler
                0x0800a6c4                SDMMC2_IRQHandler
                0x0800a6c4                UART7_IRQHandler
                0x0800a6c4                USART2_IRQHandler
                0x0800a6c4                I2C2_ER_IRQHandler
                0x0800a6c4                DMA2_Stream1_IRQHandler
                0x0800a6c4                CAN1_SCE_IRQHandler
                0x0800a6c4                FLASH_IRQHandler
                0x0800a6c4                DMA2_Stream4_IRQHandler
                0x0800a6c4                USART1_IRQHandler
                0x0800a6c4                SPI3_IRQHandler
                0x0800a6c4                DMA1_Stream4_IRQHandler
                0x0800a6c4                I2C1_ER_IRQHandler
                0x0800a6c4                FMC_IRQHandler
                0x0800a6c4                LPTIM1_IRQHandler
                0x0800a6c4                DMA2_Stream6_IRQHandler
                0x0800a6c4                SAI1_IRQHandler
                0x0800a6c4                DMA1_Stream3_IRQHandler
 *fill*         0x0800a6c6        0x2 
 .text.malloc   0x0800a6c8       0x10 C:/ST/STM32CubeCLT_1.17.0/GNU-tools-for-STM32/bin/../lib/gcc/arm-none-eabi/12.3.1/../../../../arm-none-eabi/lib/thumb/v7e-m+fp/hard\libc.a(libc_a-malloc.o)
                0x0800a6c8                malloc
 .text.free     0x0800a6d8       0x10 C:/ST/STM32CubeCLT_1.17.0/GNU-tools-for-STM32/bin/../lib/gcc/arm-none-eabi/12.3.1/../../../../arm-none-eabi/lib/thumb/v7e-m+fp/hard\libc.a(libc_a-malloc.o)
                0x0800a6d8                free
 .text._malloc_r
                0x0800a6e8      0x474 C:/ST/STM32CubeCLT_1.17.0/GNU-tools-for-STM32/bin/../lib/gcc/arm-none-eabi/12.3.1/../../../../arm-none-eabi/lib/thumb/v7e-m+fp/hard\libc.a(libc_a-mallocr.o)
                0x0800a6e8                _malloc_r
 .text.__malloc_lock
                0x0800ab5c        0xc C:/ST/STM32CubeCLT_1.17.0/GNU-tools-for-STM32/bin/../lib/gcc/arm-none-eabi/12.3.1/../../../../arm-none-eabi/lib/thumb/v7e-m+fp/hard\libc.a(libc_a-mlock.o)
                0x0800ab5c                __malloc_lock
 .text.__malloc_unlock
                0x0800ab68        0xc C:/ST/STM32CubeCLT_1.17.0/GNU-tools-for-STM32/bin/../lib/gcc/arm-none-eabi/12.3.1/../../../../arm-none-eabi/lib/thumb/v7e-m+fp/hard\libc.a(libc_a-mlock.o)
                0x0800ab68                __malloc_unlock
 .text.std      0x0800ab74       0x6c C:/ST/STM32CubeCLT_1.17.0/GNU-tools-for-STM32/bin/../lib/gcc/arm-none-eabi/12.3.1/../../../../arm-none-eabi/lib/thumb/v7e-m+fp/hard\libc.a(libc_a-findfp.o)
 .text.stdio_exit_handler
                0x0800abe0       0x18 C:/ST/STM32CubeCLT_1.17.0/GNU-tools-for-STM32/bin/../lib/gcc/arm-none-eabi/12.3.1/../../../../arm-none-eabi/lib/thumb/v7e-m+fp/hard\libc.a(libc_a-findfp.o)
 .text.cleanup_stdio
                0x0800abf8       0x40 C:/ST/STM32CubeCLT_1.17.0/GNU-tools-for-STM32/bin/../lib/gcc/arm-none-eabi/12.3.1/../../../../arm-none-eabi/lib/thumb/v7e-m+fp/hard\libc.a(libc_a-findfp.o)
 .text.global_stdio_init.part.0
                0x0800ac38       0x3c C:/ST/STM32CubeCLT_1.17.0/GNU-tools-for-STM32/bin/../lib/gcc/arm-none-eabi/12.3.1/../../../../arm-none-eabi/lib/thumb/v7e-m+fp/hard\libc.a(libc_a-findfp.o)
 .text.__sfp_lock_acquire
                0x0800ac74        0xc C:/ST/STM32CubeCLT_1.17.0/GNU-tools-for-STM32/bin/../lib/gcc/arm-none-eabi/12.3.1/../../../../arm-none-eabi/lib/thumb/v7e-m+fp/hard\libc.a(libc_a-findfp.o)
                0x0800ac74                __sfp_lock_acquire
 .text.__sfp_lock_release
                0x0800ac80        0xc C:/ST/STM32CubeCLT_1.17.0/GNU-tools-for-STM32/bin/../lib/gcc/arm-none-eabi/12.3.1/../../../../arm-none-eabi/lib/thumb/v7e-m+fp/hard\libc.a(libc_a-findfp.o)
                0x0800ac80                __sfp_lock_release
 .text.__sinit  0x0800ac8c       0x30 C:/ST/STM32CubeCLT_1.17.0/GNU-tools-for-STM32/bin/../lib/gcc/arm-none-eabi/12.3.1/../../../../arm-none-eabi/lib/thumb/v7e-m+fp/hard\libc.a(libc_a-findfp.o)
                0x0800ac8c                __sinit
 .text._fwalk_sglue
                0x0800acbc       0x3c C:/ST/STM32CubeCLT_1.17.0/GNU-tools-for-STM32/bin/../lib/gcc/arm-none-eabi/12.3.1/../../../../arm-none-eabi/lib/thumb/v7e-m+fp/hard\libc.a(libc_a-fwalk.o)
                0x0800acbc                _fwalk_sglue
 .text.sprintf  0x0800acf8       0x40 C:/ST/STM32CubeCLT_1.17.0/GNU-tools-for-STM32/bin/../lib/gcc/arm-none-eabi/12.3.1/../../../../arm-none-eabi/lib/thumb/v7e-m+fp/hard\libc.a(libc_a-sprintf.o)
                0x0800acf8                sprintf
 .text.__sread  0x0800ad38       0x22 C:/ST/STM32CubeCLT_1.17.0/GNU-tools-for-STM32/bin/../lib/gcc/arm-none-eabi/12.3.1/../../../../arm-none-eabi/lib/thumb/v7e-m+fp/hard\libc.a(libc_a-stdio.o)
                0x0800ad38                __sread
 .text.__swrite
                0x0800ad5a       0x38 C:/ST/STM32CubeCLT_1.17.0/GNU-tools-for-STM32/bin/../lib/gcc/arm-none-eabi/12.3.1/../../../../arm-none-eabi/lib/thumb/v7e-m+fp/hard\libc.a(libc_a-stdio.o)
                0x0800ad5a                __swrite
 .text.__sseek  0x0800ad92       0x24 C:/ST/STM32CubeCLT_1.17.0/GNU-tools-for-STM32/bin/../lib/gcc/arm-none-eabi/12.3.1/../../../../arm-none-eabi/lib/thumb/v7e-m+fp/hard\libc.a(libc_a-stdio.o)
                0x0800ad92                __sseek
 .text.__sclose
                0x0800adb6        0x8 C:/ST/STM32CubeCLT_1.17.0/GNU-tools-for-STM32/bin/../lib/gcc/arm-none-eabi/12.3.1/../../../../arm-none-eabi/lib/thumb/v7e-m+fp/hard\libc.a(libc_a-stdio.o)
                0x0800adb6                __sclose
 .text.memset   0x0800adbe       0x10 C:/ST/STM32CubeCLT_1.17.0/GNU-tools-for-STM32/bin/../lib/gcc/arm-none-eabi/12.3.1/../../../../arm-none-eabi/lib/thumb/v7e-m+fp/hard\libc.a(libc_a-memset.o)
                0x0800adbe                memset
 *fill*         0x0800adce        0x2 
 .text._close_r
                0x0800add0       0x20 C:/ST/STM32CubeCLT_1.17.0/GNU-tools-for-STM32/bin/../lib/gcc/arm-none-eabi/12.3.1/../../../../arm-none-eabi/lib/thumb/v7e-m+fp/hard\libc.a(libc_a-closer.o)
                0x0800add0                _close_r
 .text._lseek_r
                0x0800adf0       0x24 C:/ST/STM32CubeCLT_1.17.0/GNU-tools-for-STM32/bin/../lib/gcc/arm-none-eabi/12.3.1/../../../../arm-none-eabi/lib/thumb/v7e-m+fp/hard\libc.a(libc_a-lseekr.o)
                0x0800adf0                _lseek_r
 .text._read_r  0x0800ae14       0x24 C:/ST/STM32CubeCLT_1.17.0/GNU-tools-for-STM32/bin/../lib/gcc/arm-none-eabi/12.3.1/../../../../arm-none-eabi/lib/thumb/v7e-m+fp/hard\libc.a(libc_a-readr.o)
                0x0800ae14                _read_r
 .text._sbrk_r  0x0800ae38       0x20 C:/ST/STM32CubeCLT_1.17.0/GNU-tools-for-STM32/bin/../lib/gcc/arm-none-eabi/12.3.1/../../../../arm-none-eabi/lib/thumb/v7e-m+fp/hard\libc.a(libc_a-sbrkr.o)
                0x0800ae38                _sbrk_r
 .text._write_r
                0x0800ae58       0x24 C:/ST/STM32CubeCLT_1.17.0/GNU-tools-for-STM32/bin/../lib/gcc/arm-none-eabi/12.3.1/../../../../arm-none-eabi/lib/thumb/v7e-m+fp/hard\libc.a(libc_a-writer.o)
                0x0800ae58                _write_r
 .text.__errno  0x0800ae7c        0xc C:/ST/STM32CubeCLT_1.17.0/GNU-tools-for-STM32/bin/../lib/gcc/arm-none-eabi/12.3.1/../../../../arm-none-eabi/lib/thumb/v7e-m+fp/hard\libc.a(libc_a-errno.o)
                0x0800ae7c                __errno
 .text.__libc_init_array
                0x0800ae88       0x48 C:/ST/STM32CubeCLT_1.17.0/GNU-tools-for-STM32/bin/../lib/gcc/arm-none-eabi/12.3.1/../../../../arm-none-eabi/lib/thumb/v7e-m+fp/hard\libc.a(libc_a-init.o)
                0x0800ae88                __libc_init_array
 .text.__retarget_lock_init_recursive
                0x0800aed0        0x2 C:/ST/STM32CubeCLT_1.17.0/GNU-tools-for-STM32/bin/../lib/gcc/arm-none-eabi/12.3.1/../../../../arm-none-eabi/lib/thumb/v7e-m+fp/hard\libc.a(libc_a-lock.o)
                0x0800aed0                __retarget_lock_init_recursive
 .text.__retarget_lock_close_recursive
                0x0800aed2        0x2 C:/ST/STM32CubeCLT_1.17.0/GNU-tools-for-STM32/bin/../lib/gcc/arm-none-eabi/12.3.1/../../../../arm-none-eabi/lib/thumb/v7e-m+fp/hard\libc.a(libc_a-lock.o)
                0x0800aed2                __retarget_lock_close_recursive
 .text.__retarget_lock_acquire_recursive
                0x0800aed4        0x2 C:/ST/STM32CubeCLT_1.17.0/GNU-tools-for-STM32/bin/../lib/gcc/arm-none-eabi/12.3.1/../../../../arm-none-eabi/lib/thumb/v7e-m+fp/hard\libc.a(libc_a-lock.o)
                0x0800aed4                __retarget_lock_acquire_recursive
 .text.__retarget_lock_release_recursive
                0x0800aed6        0x2 C:/ST/STM32CubeCLT_1.17.0/GNU-tools-for-STM32/bin/../lib/gcc/arm-none-eabi/12.3.1/../../../../arm-none-eabi/lib/thumb/v7e-m+fp/hard\libc.a(libc_a-lock.o)
                0x0800aed6                __retarget_lock_release_recursive
 .text.sysconf  0x0800aed8       0x18 C:/ST/STM32CubeCLT_1.17.0/GNU-tools-for-STM32/bin/../lib/gcc/arm-none-eabi/12.3.1/../../../../arm-none-eabi/lib/thumb/v7e-m+fp/hard\libc.a(libc_a-sysconf.o)
                0x0800aed8                sysconf
 .text.memcpy   0x0800aef0       0x1c C:/ST/STM32CubeCLT_1.17.0/GNU-tools-for-STM32/bin/../lib/gcc/arm-none-eabi/12.3.1/../../../../arm-none-eabi/lib/thumb/v7e-m+fp/hard\libc.a(libc_a-memcpy-stub.o)
                0x0800aef0                memcpy
 .text.startup.register_fini
                0x0800af0c       0x14 C:/ST/STM32CubeCLT_1.17.0/GNU-tools-for-STM32/bin/../lib/gcc/arm-none-eabi/12.3.1/../../../../arm-none-eabi/lib/thumb/v7e-m+fp/hard\libc.a(libc_a-__call_atexit.o)
 .text.atexit   0x0800af20        0xc C:/ST/STM32CubeCLT_1.17.0/GNU-tools-for-STM32/bin/../lib/gcc/arm-none-eabi/12.3.1/../../../../arm-none-eabi/lib/thumb/v7e-m+fp/hard\libc.a(libc_a-atexit.o)
                0x0800af20                atexit
 .text._malloc_trim_r
                0x0800af2c       0xac C:/ST/STM32CubeCLT_1.17.0/GNU-tools-for-STM32/bin/../lib/gcc/arm-none-eabi/12.3.1/../../../../arm-none-eabi/lib/thumb/v7e-m+fp/hard\libc.a(libc_a-freer.o)
                0x0800af2c                _malloc_trim_r
 .text._free_r  0x0800afd8      0x180 C:/ST/STM32CubeCLT_1.17.0/GNU-tools-for-STM32/bin/../lib/gcc/arm-none-eabi/12.3.1/../../../../arm-none-eabi/lib/thumb/v7e-m+fp/hard\libc.a(libc_a-freer.o)
                0x0800afd8                _free_r
 .text._svfprintf_r
                0x0800b158     0x13bc C:/ST/STM32CubeCLT_1.17.0/GNU-tools-for-STM32/bin/../lib/gcc/arm-none-eabi/12.3.1/../../../../arm-none-eabi/lib/thumb/v7e-m+fp/hard\libc.a(libc_a-svfprintf.o)
                0x0800b158                _svfprintf_r
 .text._fclose_r
                0x0800c514       0xaa C:/ST/STM32CubeCLT_1.17.0/GNU-tools-for-STM32/bin/../lib/gcc/arm-none-eabi/12.3.1/../../../../arm-none-eabi/lib/thumb/v7e-m+fp/hard\libc.a(libc_a-fclose.o)
                0x0800c514                _fclose_r
 *fill*         0x0800c5be        0x2 
 .text.__sflush_r
                0x0800c5c0      0x110 C:/ST/STM32CubeCLT_1.17.0/GNU-tools-for-STM32/bin/../lib/gcc/arm-none-eabi/12.3.1/../../../../arm-none-eabi/lib/thumb/v7e-m+fp/hard\libc.a(libc_a-fflush.o)
                0x0800c5c0                __sflush_r
 .text._fflush_r
                0x0800c6d0       0x4a C:/ST/STM32CubeCLT_1.17.0/GNU-tools-for-STM32/bin/../lib/gcc/arm-none-eabi/12.3.1/../../../../arm-none-eabi/lib/thumb/v7e-m+fp/hard\libc.a(libc_a-fflush.o)
                0x0800c6d0                _fflush_r
 .text.strncpy  0x0800c71a       0x26 C:/ST/STM32CubeCLT_1.17.0/GNU-tools-for-STM32/bin/../lib/gcc/arm-none-eabi/12.3.1/../../../../arm-none-eabi/lib/thumb/v7e-m+fp/hard\libc.a(libc_a-strncpy.o)
                0x0800c71a                strncpy
 .text._localeconv_r
                0x0800c740        0x8 C:/ST/STM32CubeCLT_1.17.0/GNU-tools-for-STM32/bin/../lib/gcc/arm-none-eabi/12.3.1/../../../../arm-none-eabi/lib/thumb/v7e-m+fp/hard\libc.a(libc_a-localeconv.o)
                0x0800c740                _localeconv_r
 .text.__libc_fini_array
                0x0800c748       0x28 C:/ST/STM32CubeCLT_1.17.0/GNU-tools-for-STM32/bin/../lib/gcc/arm-none-eabi/12.3.1/../../../../arm-none-eabi/lib/thumb/v7e-m+fp/hard\libc.a(libc_a-fini.o)
                0x0800c748                __libc_fini_array
 .text.frexp    0x0800c770       0x6c C:/ST/STM32CubeCLT_1.17.0/GNU-tools-for-STM32/bin/../lib/gcc/arm-none-eabi/12.3.1/../../../../arm-none-eabi/lib/thumb/v7e-m+fp/hard\libc.a(libm_a-s_frexp.o)
                0x0800c770                frexp
 .text.__register_exitproc
                0x0800c7dc       0x80 C:/ST/STM32CubeCLT_1.17.0/GNU-tools-for-STM32/bin/../lib/gcc/arm-none-eabi/12.3.1/../../../../arm-none-eabi/lib/thumb/v7e-m+fp/hard\libc.a(libc_a-__atexit.o)
                0x0800c7dc                __register_exitproc
 .text.quorem   0x0800c85c      0x110 C:/ST/STM32CubeCLT_1.17.0/GNU-tools-for-STM32/bin/../lib/gcc/arm-none-eabi/12.3.1/../../../../arm-none-eabi/lib/thumb/v7e-m+fp/hard\libc.a(libc_a-dtoa.o)
 *fill*         0x0800c96c        0x4 
 .text._dtoa_r  0x0800c970      0xb58 C:/ST/STM32CubeCLT_1.17.0/GNU-tools-for-STM32/bin/../lib/gcc/arm-none-eabi/12.3.1/../../../../arm-none-eabi/lib/thumb/v7e-m+fp/hard\libc.a(libc_a-dtoa.o)
                0x0800c970                _dtoa_r
 .text._Balloc  0x0800d4c8       0x4a C:/ST/STM32CubeCLT_1.17.0/GNU-tools-for-STM32/bin/../lib/gcc/arm-none-eabi/12.3.1/../../../../arm-none-eabi/lib/thumb/v7e-m+fp/hard\libc.a(libc_a-mprec.o)
                0x0800d4c8                _Balloc
 .text._Bfree   0x0800d512       0x12 C:/ST/STM32CubeCLT_1.17.0/GNU-tools-for-STM32/bin/../lib/gcc/arm-none-eabi/12.3.1/../../../../arm-none-eabi/lib/thumb/v7e-m+fp/hard\libc.a(libc_a-mprec.o)
                0x0800d512                _Bfree
 .text.__multadd
                0x0800d524       0x8c C:/ST/STM32CubeCLT_1.17.0/GNU-tools-for-STM32/bin/../lib/gcc/arm-none-eabi/12.3.1/../../../../arm-none-eabi/lib/thumb/v7e-m+fp/hard\libc.a(libc_a-mprec.o)
                0x0800d524                __multadd
 .text.__hi0bits
                0x0800d5b0       0x3e C:/ST/STM32CubeCLT_1.17.0/GNU-tools-for-STM32/bin/../lib/gcc/arm-none-eabi/12.3.1/../../../../arm-none-eabi/lib/thumb/v7e-m+fp/hard\libc.a(libc_a-mprec.o)
                0x0800d5b0                __hi0bits
 .text.__lo0bits
                0x0800d5ee       0x5a C:/ST/STM32CubeCLT_1.17.0/GNU-tools-for-STM32/bin/../lib/gcc/arm-none-eabi/12.3.1/../../../../arm-none-eabi/lib/thumb/v7e-m+fp/hard\libc.a(libc_a-mprec.o)
                0x0800d5ee                __lo0bits
 .text.__i2b    0x0800d648       0x2c C:/ST/STM32CubeCLT_1.17.0/GNU-tools-for-STM32/bin/../lib/gcc/arm-none-eabi/12.3.1/../../../../arm-none-eabi/lib/thumb/v7e-m+fp/hard\libc.a(libc_a-mprec.o)
                0x0800d648                __i2b
 .text.__multiply
                0x0800d674      0x154 C:/ST/STM32CubeCLT_1.17.0/GNU-tools-for-STM32/bin/../lib/gcc/arm-none-eabi/12.3.1/../../../../arm-none-eabi/lib/thumb/v7e-m+fp/hard\libc.a(libc_a-mprec.o)
                0x0800d674                __multiply
 .text.__pow5mult
                0x0800d7c8       0x80 C:/ST/STM32CubeCLT_1.17.0/GNU-tools-for-STM32/bin/../lib/gcc/arm-none-eabi/12.3.1/../../../../arm-none-eabi/lib/thumb/v7e-m+fp/hard\libc.a(libc_a-mprec.o)
                0x0800d7c8                __pow5mult
 .text.__lshift
                0x0800d848       0xd8 C:/ST/STM32CubeCLT_1.17.0/GNU-tools-for-STM32/bin/../lib/gcc/arm-none-eabi/12.3.1/../../../../arm-none-eabi/lib/thumb/v7e-m+fp/hard\libc.a(libc_a-mprec.o)
                0x0800d848                __lshift
 .text.__mcmp   0x0800d920       0x36 C:/ST/STM32CubeCLT_1.17.0/GNU-tools-for-STM32/bin/../lib/gcc/arm-none-eabi/12.3.1/../../../../arm-none-eabi/lib/thumb/v7e-m+fp/hard\libc.a(libc_a-mprec.o)
                0x0800d920                __mcmp
 *fill*         0x0800d956        0x2 
 .text.__mdiff  0x0800d958      0x128 C:/ST/STM32CubeCLT_1.17.0/GNU-tools-for-STM32/bin/../lib/gcc/arm-none-eabi/12.3.1/../../../../arm-none-eabi/lib/thumb/v7e-m+fp/hard\libc.a(libc_a-mprec.o)
                0x0800d958                __mdiff
 .text.__d2b    0x0800da80       0xb0 C:/ST/STM32CubeCLT_1.17.0/GNU-tools-for-STM32/bin/../lib/gcc/arm-none-eabi/12.3.1/../../../../arm-none-eabi/lib/thumb/v7e-m+fp/hard\libc.a(libc_a-mprec.o)
                0x0800da80                __d2b
 .text.__ssprint_r
                0x0800db30       0xfa C:/ST/STM32CubeCLT_1.17.0/GNU-tools-for-STM32/bin/../lib/gcc/arm-none-eabi/12.3.1/../../../../arm-none-eabi/lib/thumb/v7e-m+fp/hard\libc.a(libc_a-svfiprintf.o)
                0x0800db30                __ssprint_r
 .text.memmove  0x0800dc2a       0x34 C:/ST/STM32CubeCLT_1.17.0/GNU-tools-for-STM32/bin/../lib/gcc/arm-none-eabi/12.3.1/../../../../arm-none-eabi/lib/thumb/v7e-m+fp/hard\libc.a(libc_a-memmove.o)
                0x0800dc2a                memmove
 *fill*         0x0800dc5e        0x2 
 .text.__locale_mb_cur_max
                0x0800dc60        0xc C:/ST/STM32CubeCLT_1.17.0/GNU-tools-for-STM32/bin/../lib/gcc/arm-none-eabi/12.3.1/../../../../arm-none-eabi/lib/thumb/v7e-m+fp/hard\libc.a(libc_a-locale.o)
                0x0800dc60                __locale_mb_cur_max
 .text.__assert_func
                0x0800dc6c       0x3c C:/ST/STM32CubeCLT_1.17.0/GNU-tools-for-STM32/bin/../lib/gcc/arm-none-eabi/12.3.1/../../../../arm-none-eabi/lib/thumb/v7e-m+fp/hard\libc.a(libc_a-assert.o)
                0x0800dc6c                __assert_func
 .text._calloc_r
                0x0800dca8       0x6a C:/ST/STM32CubeCLT_1.17.0/GNU-tools-for-STM32/bin/../lib/gcc/arm-none-eabi/12.3.1/../../../../arm-none-eabi/lib/thumb/v7e-m+fp/hard\libc.a(libc_a-callocr.o)
                0x0800dca8                _calloc_r
 .text.__ascii_mbtowc
                0x0800dd12       0x24 C:/ST/STM32CubeCLT_1.17.0/GNU-tools-for-STM32/bin/../lib/gcc/arm-none-eabi/12.3.1/../../../../arm-none-eabi/lib/thumb/v7e-m+fp/hard\libc.a(libc_a-mbtowc_r.o)
                0x0800dd12                __ascii_mbtowc
 *fill*         0x0800dd36        0x2 
 .text._realloc_r
                0x0800dd38      0x350 C:/ST/STM32CubeCLT_1.17.0/GNU-tools-for-STM32/bin/../lib/gcc/arm-none-eabi/12.3.1/../../../../arm-none-eabi/lib/thumb/v7e-m+fp/hard\libc.a(libc_a-reallocr.o)
                0x0800dd38                _realloc_r
 .text.__ascii_wctomb
                0x0800e088       0x1a C:/ST/STM32CubeCLT_1.17.0/GNU-tools-for-STM32/bin/../lib/gcc/arm-none-eabi/12.3.1/../../../../arm-none-eabi/lib/thumb/v7e-m+fp/hard\libc.a(libc_a-wctomb_r.o)
                0x0800e088                __ascii_wctomb
 *fill*         0x0800e0a2        0x2 
 .text.fiprintf
                0x0800e0a4       0x24 C:/ST/STM32CubeCLT_1.17.0/GNU-tools-for-STM32/bin/../lib/gcc/arm-none-eabi/12.3.1/../../../../arm-none-eabi/lib/thumb/v7e-m+fp/hard\libc.a(libc_a-fiprintf.o)
                0x0800e0a4                fiprintf
 .text.__sprint_r
                0x0800e0c8       0x64 C:/ST/STM32CubeCLT_1.17.0/GNU-tools-for-STM32/bin/../lib/gcc/arm-none-eabi/12.3.1/../../../../arm-none-eabi/lib/thumb/v7e-m+fp/hard\libc.a(libc_a-vfiprintf.o)
                0x0800e0c8                __sprint_r
 .text._vfiprintf_r
                0x0800e12c      0x910 C:/ST/STM32CubeCLT_1.17.0/GNU-tools-for-STM32/bin/../lib/gcc/arm-none-eabi/12.3.1/../../../../arm-none-eabi/lib/thumb/v7e-m+fp/hard\libc.a(libc_a-vfiprintf.o)
                0x0800e12c                _vfiprintf_r
 .text.__sbprintf
                0x0800ea3c       0x80 C:/ST/STM32CubeCLT_1.17.0/GNU-tools-for-STM32/bin/../lib/gcc/arm-none-eabi/12.3.1/../../../../arm-none-eabi/lib/thumb/v7e-m+fp/hard\libc.a(libc_a-vfiprintf.o)
 .text.__sfvwrite_r
                0x0800eabc      0x298 C:/ST/STM32CubeCLT_1.17.0/GNU-tools-for-STM32/bin/../lib/gcc/arm-none-eabi/12.3.1/../../../../arm-none-eabi/lib/thumb/v7e-m+fp/hard\libc.a(libc_a-fvwrite.o)
                0x0800eabc                __sfvwrite_r
 .text.__swsetup_r
                0x0800ed54       0xac C:/ST/STM32CubeCLT_1.17.0/GNU-tools-for-STM32/bin/../lib/gcc/arm-none-eabi/12.3.1/../../../../arm-none-eabi/lib/thumb/v7e-m+fp/hard\libc.a(libc_a-wsetup.o)
                0x0800ed54                __swsetup_r
 .text.__fputwc
                0x0800ee00       0x82 C:/ST/STM32CubeCLT_1.17.0/GNU-tools-for-STM32/bin/../lib/gcc/arm-none-eabi/12.3.1/../../../../arm-none-eabi/lib/thumb/v7e-m+fp/hard\libc.a(libc_a-fputwc.o)
                0x0800ee00                __fputwc
 .text._fputwc_r
                0x0800ee82       0x52 C:/ST/STM32CubeCLT_1.17.0/GNU-tools-for-STM32/bin/../lib/gcc/arm-none-eabi/12.3.1/../../../../arm-none-eabi/lib/thumb/v7e-m+fp/hard\libc.a(libc_a-fputwc.o)
                0x0800ee82                _fputwc_r
 .text.abort    0x0800eed4        0xe C:/ST/STM32CubeCLT_1.17.0/GNU-tools-for-STM32/bin/../lib/gcc/arm-none-eabi/12.3.1/../../../../arm-none-eabi/lib/thumb/v7e-m+fp/hard\libc.a(libc_a-abort.o)
                0x0800eed4                abort
 *fill*         0x0800eee2        0x2 
 .text._wcrtomb_r
                0x0800eee4       0x2c C:/ST/STM32CubeCLT_1.17.0/GNU-tools-for-STM32/bin/../lib/gcc/arm-none-eabi/12.3.1/../../../../arm-none-eabi/lib/thumb/v7e-m+fp/hard\libc.a(libc_a-wcrtomb.o)
                0x0800eee4                _wcrtomb_r
 .text.__swhatbuf_r
                0x0800ef10       0x50 C:/ST/STM32CubeCLT_1.17.0/GNU-tools-for-STM32/bin/../lib/gcc/arm-none-eabi/12.3.1/../../../../arm-none-eabi/lib/thumb/v7e-m+fp/hard\libc.a(libc_a-makebuf.o)
                0x0800ef10                __swhatbuf_r
 .text.__smakebuf_r
                0x0800ef60       0x78 C:/ST/STM32CubeCLT_1.17.0/GNU-tools-for-STM32/bin/../lib/gcc/arm-none-eabi/12.3.1/../../../../arm-none-eabi/lib/thumb/v7e-m+fp/hard\libc.a(libc_a-makebuf.o)
                0x0800ef60                __smakebuf_r
 .text.__swbuf_r
                0x0800efd8       0x92 C:/ST/STM32CubeCLT_1.17.0/GNU-tools-for-STM32/bin/../lib/gcc/arm-none-eabi/12.3.1/../../../../arm-none-eabi/lib/thumb/v7e-m+fp/hard\libc.a(libc_a-wbuf.o)
                0x0800efd8                __swbuf_r
 .text._raise_r
                0x0800f06a       0x52 C:/ST/STM32CubeCLT_1.17.0/GNU-tools-for-STM32/bin/../lib/gcc/arm-none-eabi/12.3.1/../../../../arm-none-eabi/lib/thumb/v7e-m+fp/hard\libc.a(libc_a-signal.o)
                0x0800f06a                _raise_r
 .text.raise    0x0800f0bc       0x10 C:/ST/STM32CubeCLT_1.17.0/GNU-tools-for-STM32/bin/../lib/gcc/arm-none-eabi/12.3.1/../../../../arm-none-eabi/lib/thumb/v7e-m+fp/hard\libc.a(libc_a-signal.o)
                0x0800f0bc                raise
 .text._fstat_r
                0x0800f0cc       0x24 C:/ST/STM32CubeCLT_1.17.0/GNU-tools-for-STM32/bin/../lib/gcc/arm-none-eabi/12.3.1/../../../../arm-none-eabi/lib/thumb/v7e-m+fp/hard\libc.a(libc_a-fstatr.o)
                0x0800f0cc                _fstat_r
 .text._isatty_r
                0x0800f0f0       0x20 C:/ST/STM32CubeCLT_1.17.0/GNU-tools-for-STM32/bin/../lib/gcc/arm-none-eabi/12.3.1/../../../../arm-none-eabi/lib/thumb/v7e-m+fp/hard\libc.a(libc_a-isattyr.o)
                0x0800f0f0                _isatty_r
 .text._kill_r  0x0800f110       0x24 C:/ST/STM32CubeCLT_1.17.0/GNU-tools-for-STM32/bin/../lib/gcc/arm-none-eabi/12.3.1/../../../../arm-none-eabi/lib/thumb/v7e-m+fp/hard\libc.a(libc_a-signalr.o)
                0x0800f110                _kill_r
 .text._getpid_r
                0x0800f134        0x4 C:/ST/STM32CubeCLT_1.17.0/GNU-tools-for-STM32/bin/../lib/gcc/arm-none-eabi/12.3.1/../../../../arm-none-eabi/lib/thumb/v7e-m+fp/hard\libc.a(libc_a-signalr.o)
                0x0800f134                _getpid_r
 .text.acos     0x0800f138       0x68 C:/ST/STM32CubeCLT_1.17.0/GNU-tools-for-STM32/bin/../lib/gcc/arm-none-eabi/12.3.1/../../../../arm-none-eabi/lib/thumb/v7e-m+fp/hard\libm.a(libm_a-w_acos.o)
                0x0800f138                acos
 .text.atan2    0x0800f1a0        0x4 C:/ST/STM32CubeCLT_1.17.0/GNU-tools-for-STM32/bin/../lib/gcc/arm-none-eabi/12.3.1/../../../../arm-none-eabi/lib/thumb/v7e-m+fp/hard\libm.a(libm_a-w_atan2.o)
                0x0800f1a0                atan2
 .text.sqrt     0x0800f1a4       0x58 C:/ST/STM32CubeCLT_1.17.0/GNU-tools-for-STM32/bin/../lib/gcc/arm-none-eabi/12.3.1/../../../../arm-none-eabi/lib/thumb/v7e-m+fp/hard\libm.a(libm_a-w_sqrt.o)
                0x0800f1a4                sqrt
 .text.fabs     0x0800f1fc       0x10 C:/ST/STM32CubeCLT_1.17.0/GNU-tools-for-STM32/bin/../lib/gcc/arm-none-eabi/12.3.1/../../../../arm-none-eabi/lib/thumb/v7e-m+fp/hard\libm.a(libm_a-s_fabs.o)
                0x0800f1fc                fabs
 *fill*         0x0800f20c        0x4 
 .text.nan      0x0800f210       0x10 C:/ST/STM32CubeCLT_1.17.0/GNU-tools-for-STM32/bin/../lib/gcc/arm-none-eabi/12.3.1/../../../../arm-none-eabi/lib/thumb/v7e-m+fp/hard\libm.a(libm_a-s_nan.o)
                0x0800f210                nan
 .text.__ieee754_sqrt
                0x0800f220      0x1b4 C:/ST/STM32CubeCLT_1.17.0/GNU-tools-for-STM32/bin/../lib/gcc/arm-none-eabi/12.3.1/../../../../arm-none-eabi/lib/thumb/v7e-m+fp/hard\libm.a(libm_a-e_sqrt.o)
                0x0800f220                __ieee754_sqrt
 *fill*         0x0800f3d4        0x4 
 .text.floor    0x0800f3d8       0xf8 C:/ST/STM32CubeCLT_1.17.0/GNU-tools-for-STM32/bin/../lib/gcc/arm-none-eabi/12.3.1/../../../../arm-none-eabi/lib/thumb/v7e-m+fp/hard\libm.a(libm_a-s_floor.o)
                0x0800f3d8                floor
 .text.__ieee754_acos
                0x0800f4d0      0x4b8 C:/ST/STM32CubeCLT_1.17.0/GNU-tools-for-STM32/bin/../lib/gcc/arm-none-eabi/12.3.1/../../../../arm-none-eabi/lib/thumb/v7e-m+fp/hard\libm.a(libm_a-e_acos.o)
                0x0800f4d0                __ieee754_acos
 .text.__ieee754_atan2
                0x0800f988      0x18c C:/ST/STM32CubeCLT_1.17.0/GNU-tools-for-STM32/bin/../lib/gcc/arm-none-eabi/12.3.1/../../../../arm-none-eabi/lib/thumb/v7e-m+fp/hard\libm.a(libm_a-e_atan2.o)
                0x0800f988                __ieee754_atan2
 *fill*         0x0800fb14        0x4 
 .text.atan     0x0800fb18      0x330 C:/ST/STM32CubeCLT_1.17.0/GNU-tools-for-STM32/bin/../lib/gcc/arm-none-eabi/12.3.1/../../../../arm-none-eabi/lib/thumb/v7e-m+fp/hard\libm.a(libm_a-s_atan.o)
                0x0800fb18                atan
 *(.glue_7)
 .glue_7        0x0800fe48        0x0 linker stubs
 *(.glue_7t)
 .glue_7t       0x0800fe48        0x0 linker stubs
 *(.eh_frame)
 .eh_frame      0x0800fe48        0x0 C:/ST/STM32CubeCLT_1.17.0/GNU-tools-for-STM32/bin/../lib/gcc/arm-none-eabi/12.3.1/thumb/v7e-m+fp/hard/crtbegin.o
 *(.init)
 .init          0x0800fe48        0x4 C:/ST/STM32CubeCLT_1.17.0/GNU-tools-for-STM32/bin/../lib/gcc/arm-none-eabi/12.3.1/thumb/v7e-m+fp/hard/crti.o
                0x0800fe48                _init
 .init          0x0800fe4c        0x8 C:/ST/STM32CubeCLT_1.17.0/GNU-tools-for-STM32/bin/../lib/gcc/arm-none-eabi/12.3.1/thumb/v7e-m+fp/hard/crtn.o
 *(.fini)
 .fini          0x0800fe54        0x4 C:/ST/STM32CubeCLT_1.17.0/GNU-tools-for-STM32/bin/../lib/gcc/arm-none-eabi/12.3.1/thumb/v7e-m+fp/hard/crti.o
                0x0800fe54                _fini
 .fini          0x0800fe58        0x8 C:/ST/STM32CubeCLT_1.17.0/GNU-tools-for-STM32/bin/../lib/gcc/arm-none-eabi/12.3.1/thumb/v7e-m+fp/hard/crtn.o
                0x0800fe60                        . = ALIGN (0x4)
                0x0800fe60                        _etext = .

.vfp11_veneer   0x0800fe60        0x0
 .vfp11_veneer  0x0800fe60        0x0 linker stubs

.v4_bx          0x0800fe60        0x0
 .v4_bx         0x0800fe60        0x0 linker stubs

.iplt           0x0800fe60        0x0
 .iplt          0x0800fe60        0x0 C:/ST/STM32CubeCLT_1.17.0/GNU-tools-for-STM32/bin/../lib/gcc/arm-none-eabi/12.3.1/thumb/v7e-m+fp/hard/crtbegin.o

.rodata         0x0800fe60      0x450
                0x0800fe60                        . = ALIGN (0x4)
 *(.rodata)
 *(.rodata*)
 .rodata.main.str1.4
                0x0800fe60       0x31 build/main.o
 *fill*         0x0800fe91        0x3 
 .rodata.APBPrescTable
                0x0800fe94        0x8 build/system_stm32f7xx.o
                0x0800fe94                APBPrescTable
 .rodata.AHBPrescTable
                0x0800fe9c       0x10 build/system_stm32f7xx.o
                0x0800fe9c                AHBPrescTable
 .rodata.str1.4
                0x0800feac        0x6 build/usbh_audio.o
 *fill*         0x0800feb2        0x2 
 .rodata.str1.4
                0x0800feb4        0x4 build/usbh_msc.o
 .rodata._svfprintf_r.str1.1
                0x0800feb8       0x34 C:/ST/STM32CubeCLT_1.17.0/GNU-tools-for-STM32/bin/../lib/gcc/arm-none-eabi/12.3.1/../../../../arm-none-eabi/lib/thumb/v7e-m+fp/hard\libc.a(libc_a-svfprintf.o)
 .rodata.zeroes.0
                0x0800feec       0x10 C:/ST/STM32CubeCLT_1.17.0/GNU-tools-for-STM32/bin/../lib/gcc/arm-none-eabi/12.3.1/../../../../arm-none-eabi/lib/thumb/v7e-m+fp/hard\libc.a(libc_a-svfprintf.o)
 .rodata.blanks.1
                0x0800fefc       0x10 C:/ST/STM32CubeCLT_1.17.0/GNU-tools-for-STM32/bin/../lib/gcc/arm-none-eabi/12.3.1/../../../../arm-none-eabi/lib/thumb/v7e-m+fp/hard\libc.a(libc_a-svfprintf.o)
 .rodata._dtoa_r.str1.1
                0x0800ff0c       0x76 C:/ST/STM32CubeCLT_1.17.0/GNU-tools-for-STM32/bin/../lib/gcc/arm-none-eabi/12.3.1/../../../../arm-none-eabi/lib/thumb/v7e-m+fp/hard\libc.a(libc_a-dtoa.o)
                                 0x78 (size before relaxing)
 .rodata.__multadd.str1.1
                0x0800ff82       0x59 C:/ST/STM32CubeCLT_1.17.0/GNU-tools-for-STM32/bin/../lib/gcc/arm-none-eabi/12.3.1/../../../../arm-none-eabi/lib/thumb/v7e-m+fp/hard\libc.a(libc_a-mprec.o)
                                 0x6a (size before relaxing)
 *fill*         0x0800ffdb        0x1 
 .rodata.p05.0  0x0800ffdc        0xc C:/ST/STM32CubeCLT_1.17.0/GNU-tools-for-STM32/bin/../lib/gcc/arm-none-eabi/12.3.1/../../../../arm-none-eabi/lib/thumb/v7e-m+fp/hard\libc.a(libc_a-mprec.o)
 .rodata.__mprec_bigtens
                0x0800ffe8       0x28 C:/ST/STM32CubeCLT_1.17.0/GNU-tools-for-STM32/bin/../lib/gcc/arm-none-eabi/12.3.1/../../../../arm-none-eabi/lib/thumb/v7e-m+fp/hard\libc.a(libc_a-mprec.o)
                0x0800ffe8                __mprec_bigtens
 .rodata.__mprec_tens
                0x08010010       0xc8 C:/ST/STM32CubeCLT_1.17.0/GNU-tools-for-STM32/bin/../lib/gcc/arm-none-eabi/12.3.1/../../../../arm-none-eabi/lib/thumb/v7e-m+fp/hard\libc.a(libc_a-mprec.o)
                0x08010010                __mprec_tens
 .rodata._setlocale_r.str1.1
                0x080100d8        0x8 C:/ST/STM32CubeCLT_1.17.0/GNU-tools-for-STM32/bin/../lib/gcc/arm-none-eabi/12.3.1/../../../../arm-none-eabi/lib/thumb/v7e-m+fp/hard\libc.a(libc_a-locale.o)
                                  0x9 (size before relaxing)
 .rodata.str1.1
                0x080100e0        0x2 C:/ST/STM32CubeCLT_1.17.0/GNU-tools-for-STM32/bin/../lib/gcc/arm-none-eabi/12.3.1/../../../../arm-none-eabi/lib/thumb/v7e-m+fp/hard\libc.a(libc_a-locale.o)
 .rodata.__assert_func.str1.1
                0x080100e2       0x3c C:/ST/STM32CubeCLT_1.17.0/GNU-tools-for-STM32/bin/../lib/gcc/arm-none-eabi/12.3.1/../../../../arm-none-eabi/lib/thumb/v7e-m+fp/hard\libc.a(libc_a-assert.o)
                                 0x3d (size before relaxing)
 .rodata._ctype_
                0x0801011e      0x101 C:/ST/STM32CubeCLT_1.17.0/GNU-tools-for-STM32/bin/../lib/gcc/arm-none-eabi/12.3.1/../../../../arm-none-eabi/lib/thumb/v7e-m+fp/hard\libc.a(libc_a-ctype_.o)
                0x0801011e                _ctype_
 .rodata._vfiprintf_r.str1.1
                0x0801021f       0x22 C:/ST/STM32CubeCLT_1.17.0/GNU-tools-for-STM32/bin/../lib/gcc/arm-none-eabi/12.3.1/../../../../arm-none-eabi/lib/thumb/v7e-m+fp/hard\libc.a(libc_a-vfiprintf.o)
 .rodata.zeroes.0
                0x0801021f       0x10 C:/ST/STM32CubeCLT_1.17.0/GNU-tools-for-STM32/bin/../lib/gcc/arm-none-eabi/12.3.1/../../../../arm-none-eabi/lib/thumb/v7e-m+fp/hard\libc.a(libc_a-vfiprintf.o)
 .rodata.blanks.1
                0x0801022f       0x10 C:/ST/STM32CubeCLT_1.17.0/GNU-tools-for-STM32/bin/../lib/gcc/arm-none-eabi/12.3.1/../../../../arm-none-eabi/lib/thumb/v7e-m+fp/hard\libc.a(libc_a-vfiprintf.o)
 .rodata.acos.str1.1
                0x0801023f        0x1 C:/ST/STM32CubeCLT_1.17.0/GNU-tools-for-STM32/bin/../lib/gcc/arm-none-eabi/12.3.1/../../../../arm-none-eabi/lib/thumb/v7e-m+fp/hard\libm.a(libm_a-w_acos.o)
 *fill*         0x0801023f        0x1 
 .rodata.CSWTCH.9
                0x08010240       0x18 C:/ST/STM32CubeCLT_1.17.0/GNU-tools-for-STM32/bin/../lib/gcc/arm-none-eabi/12.3.1/../../../../arm-none-eabi/lib/thumb/v7e-m+fp/hard\libm.a(libm_a-e_atan2.o)
 .rodata.CSWTCH.8
                0x08010258       0x18 C:/ST/STM32CubeCLT_1.17.0/GNU-tools-for-STM32/bin/../lib/gcc/arm-none-eabi/12.3.1/../../../../arm-none-eabi/lib/thumb/v7e-m+fp/hard\libm.a(libm_a-e_atan2.o)
 .rodata.atanlo
                0x08010270       0x20 C:/ST/STM32CubeCLT_1.17.0/GNU-tools-for-STM32/bin/../lib/gcc/arm-none-eabi/12.3.1/../../../../arm-none-eabi/lib/thumb/v7e-m+fp/hard\libm.a(libm_a-s_atan.o)
 .rodata.atanhi
                0x08010290       0x20 C:/ST/STM32CubeCLT_1.17.0/GNU-tools-for-STM32/bin/../lib/gcc/arm-none-eabi/12.3.1/../../../../arm-none-eabi/lib/thumb/v7e-m+fp/hard\libm.a(libm_a-s_atan.o)
                0x080102b0                        . = ALIGN (0x4)

.ARM.extab
 *(.ARM.extab* .gnu.linkonce.armextab.*)

.ARM            0x080102b0        0x8
                0x080102b0                        __exidx_start = .
 *(.ARM.exidx*)
 .ARM.exidx     0x080102b0        0x8 C:/ST/STM32CubeCLT_1.17.0/GNU-tools-for-STM32/bin/../lib/gcc/arm-none-eabi/12.3.1/../../../../arm-none-eabi/lib/thumb/v7e-m+fp/hard\libc.a(libc_a-strlen.o)
 .ARM.exidx     0x080102b8        0x0 C:/ST/STM32CubeCLT_1.17.0/GNU-tools-for-STM32/bin/../lib/gcc/arm-none-eabi/12.3.1/../../../../arm-none-eabi/lib/thumb/v7e-m+fp/hard\libc.a(libc_a-memchr.o)
                                  0x8 (size before relaxing)
 .ARM.exidx     0x080102b8        0x0 C:/ST/STM32CubeCLT_1.17.0/GNU-tools-for-STM32/bin/../lib/gcc/arm-none-eabi/12.3.1/thumb/v7e-m+fp/hard\libgcc.a(_udivmoddi4.o)
                                  0x8 (size before relaxing)
                0x080102b8                        __exidx_end = .

.rel.dyn        0x080102b8        0x0
 .rel.iplt      0x080102b8        0x0 C:/ST/STM32CubeCLT_1.17.0/GNU-tools-for-STM32/bin/../lib/gcc/arm-none-eabi/12.3.1/thumb/v7e-m+fp/hard/crtbegin.o

.preinit_array  0x080102b8        0x0
                0x080102b8                        PROVIDE (__preinit_array_start = .)
 *(.preinit_array*)
                0x080102b8                        PROVIDE (__preinit_array_end = .)

.init_array     0x080102b8        0x8
                0x080102b8                        PROVIDE (__init_array_start = .)
 *(SORT_BY_NAME(.init_array.*))
 .init_array.00000
                0x080102b8        0x4 C:/ST/STM32CubeCLT_1.17.0/GNU-tools-for-STM32/bin/../lib/gcc/arm-none-eabi/12.3.1/../../../../arm-none-eabi/lib/thumb/v7e-m+fp/hard\libc.a(libc_a-__call_atexit.o)
 *(.init_array*)
 .init_array    0x080102bc        0x4 C:/ST/STM32CubeCLT_1.17.0/GNU-tools-for-STM32/bin/../lib/gcc/arm-none-eabi/12.3.1/thumb/v7e-m+fp/hard/crtbegin.o
                0x080102c0                        PROVIDE (__init_array_end = .)

.fini_array     0x080102c0        0x4
                0x080102c0                        PROVIDE (__fini_array_start = .)
 *(SORT_BY_NAME(.fini_array.*))
 *(.fini_array*)
 .fini_array    0x080102c0        0x4 C:/ST/STM32CubeCLT_1.17.0/GNU-tools-for-STM32/bin/../lib/gcc/arm-none-eabi/12.3.1/thumb/v7e-m+fp/hard/crtbegin.o
                0x080102c4                        PROVIDE (__fini_array_end = .)
                0x080102c4                        _sidata = LOADADDR (.data)

.data           0x20000000      0x8c8 load address 0x080102c4
                0x20000000                        . = ALIGN (0x4)
                0x20000000                        _sdata = .
 *(.data)
 *(.data*)
 .data.argos    0x20000000       0x10 build/main.o
                0x20000000                argos
 .data.leg4     0x20000010       0x54 build/main.o
                0x20000010                leg4
 .data.leg3     0x20000064       0x54 build/main.o
                0x20000064                leg3
 .data.leg2     0x200000b8       0x54 build/main.o
                0x200000b8                leg2
 .data.leg1     0x2000010c       0x54 build/main.o
                0x2000010c                leg1
 .data.motor12  0x20000160        0x8 build/main.o
                0x20000160                motor12
 .data.motor11  0x20000168        0x8 build/main.o
                0x20000168                motor11
 .data.motor10  0x20000170        0x8 build/main.o
                0x20000170                motor10
 .data.motor9   0x20000178        0x8 build/main.o
                0x20000178                motor9
 .data.motor8   0x20000180        0x8 build/main.o
                0x20000180                motor8
 .data.motor7   0x20000188        0x8 build/main.o
                0x20000188                motor7
 .data.motor6   0x20000190        0x8 build/main.o
                0x20000190                motor6
 .data.motor5   0x20000198        0x8 build/main.o
                0x20000198                motor5
 .data.motor4   0x200001a0        0x8 build/main.o
                0x200001a0                motor4
 .data.motor3   0x200001a8        0x8 build/main.o
                0x200001a8                motor3
 .data.motor2   0x200001b0        0x8 build/main.o
                0x200001b0                motor2
 .data.uwTickFreq
                0x200001b8        0x1 build/stm32f7xx_hal.o
                0x200001b8                uwTickFreq
 *fill*         0x200001b9        0x3 
 .data.uwTickPrio
                0x200001bc        0x4 build/stm32f7xx_hal.o
                0x200001bc                uwTickPrio
 .data.SystemCoreClock
                0x200001c0        0x4 build/system_stm32f7xx.o
                0x200001c0                SystemCoreClock
 .data.AUDIO_Class
                0x200001c4       0x20 build/usbh_audio.o
                0x200001c4                AUDIO_Class
 .data.USBH_msc
                0x200001e4       0x20 build/usbh_msc.o
                0x200001e4                USBH_msc
 .data.__malloc_sbrk_base
                0x20000204        0x4 C:/ST/STM32CubeCLT_1.17.0/GNU-tools-for-STM32/bin/../lib/gcc/arm-none-eabi/12.3.1/../../../../arm-none-eabi/lib/thumb/v7e-m+fp/hard\libc.a(libc_a-mallocr.o)
                0x20000204                __malloc_sbrk_base
 .data.__malloc_trim_threshold
                0x20000208        0x4 C:/ST/STM32CubeCLT_1.17.0/GNU-tools-for-STM32/bin/../lib/gcc/arm-none-eabi/12.3.1/../../../../arm-none-eabi/lib/thumb/v7e-m+fp/hard\libc.a(libc_a-mallocr.o)
                0x20000208                __malloc_trim_threshold
 .data.__malloc_av_
                0x2000020c      0x408 C:/ST/STM32CubeCLT_1.17.0/GNU-tools-for-STM32/bin/../lib/gcc/arm-none-eabi/12.3.1/../../../../arm-none-eabi/lib/thumb/v7e-m+fp/hard\libc.a(libc_a-mallocr.o)
                0x2000020c                __malloc_av_
 .data.__sglue  0x20000614        0xc C:/ST/STM32CubeCLT_1.17.0/GNU-tools-for-STM32/bin/../lib/gcc/arm-none-eabi/12.3.1/../../../../arm-none-eabi/lib/thumb/v7e-m+fp/hard\libc.a(libc_a-findfp.o)
                0x20000614                __sglue
 .data._impure_ptr
                0x20000620        0x4 C:/ST/STM32CubeCLT_1.17.0/GNU-tools-for-STM32/bin/../lib/gcc/arm-none-eabi/12.3.1/../../../../arm-none-eabi/lib/thumb/v7e-m+fp/hard\libc.a(libc_a-impure.o)
                0x20000620                _impure_ptr
 *fill*         0x20000624        0x4 
 .data._impure_data
                0x20000628      0x120 C:/ST/STM32CubeCLT_1.17.0/GNU-tools-for-STM32/bin/../lib/gcc/arm-none-eabi/12.3.1/../../../../arm-none-eabi/lib/thumb/v7e-m+fp/hard\libc.a(libc_a-impure.o)
                0x20000628                _impure_data
 .data.__atexit_recursive_mutex
                0x20000748        0x4 C:/ST/STM32CubeCLT_1.17.0/GNU-tools-for-STM32/bin/../lib/gcc/arm-none-eabi/12.3.1/../../../../arm-none-eabi/lib/thumb/v7e-m+fp/hard\libc.a(libc_a-__call_atexit.o)
                0x20000748                __atexit_recursive_mutex
 .data.__global_locale
                0x2000074c      0x16c C:/ST/STM32CubeCLT_1.17.0/GNU-tools-for-STM32/bin/../lib/gcc/arm-none-eabi/12.3.1/../../../../arm-none-eabi/lib/thumb/v7e-m+fp/hard\libc.a(libc_a-locale.o)
                0x2000074c                __global_locale
 .data.tiny     0x200008b8        0x8 C:/ST/STM32CubeCLT_1.17.0/GNU-tools-for-STM32/bin/../lib/gcc/arm-none-eabi/12.3.1/../../../../arm-none-eabi/lib/thumb/v7e-m+fp/hard\libm.a(libm_a-e_sqrt.o)
 .data.one      0x200008c0        0x8 C:/ST/STM32CubeCLT_1.17.0/GNU-tools-for-STM32/bin/../lib/gcc/arm-none-eabi/12.3.1/../../../../arm-none-eabi/lib/thumb/v7e-m+fp/hard\libm.a(libm_a-e_sqrt.o)
                0x200008c8                        . = ALIGN (0x4)
                0x200008c8                        _edata = .

.igot.plt       0x200008c8        0x0 load address 0x08010b8c
 .igot.plt      0x200008c8        0x0 C:/ST/STM32CubeCLT_1.17.0/GNU-tools-for-STM32/bin/../lib/gcc/arm-none-eabi/12.3.1/thumb/v7e-m+fp/hard/crtbegin.o
                0x200008c8                        . = ALIGN (0x4)

.bss            0x200008c8     0x1d4c load address 0x08010b8c
                0x200008c8                        _sbss = .
                0x200008c8                        __bss_start__ = _sbss
 *(.bss)
 .bss           0x200008c8       0x1c C:/ST/STM32CubeCLT_1.17.0/GNU-tools-for-STM32/bin/../lib/gcc/arm-none-eabi/12.3.1/thumb/v7e-m+fp/hard/crtbegin.o
 *(.bss*)
 .bss.motor1    0x200008e4        0x8 build/main.o
                0x200008e4                motor1
 .bss.hsram2    0x200008ec       0x4c build/main.o
                0x200008ec                hsram2
 .bss.hsram1    0x20000938       0x4c build/main.o
                0x20000938                hsram1
 .bss.huart6    0x20000984       0x88 build/main.o
                0x20000984                huart6
 .bss.huart2    0x20000a0c       0x88 build/main.o
                0x20000a0c                huart2
 .bss.huart7    0x20000a94       0x88 build/main.o
                0x20000a94                huart7
 .bss.huart5    0x20000b1c       0x88 build/main.o
                0x20000b1c                huart5
 .bss.huart4    0x20000ba4       0x88 build/main.o
                0x20000ba4                huart4
 .bss.htim12    0x20000c2c       0x4c build/main.o
                0x20000c2c                htim12
 .bss.htim9     0x20000c78       0x4c build/main.o
                0x20000c78                htim9
 .bss.htim5     0x20000cc4       0x4c build/main.o
                0x20000cc4                htim5
 .bss.htim3     0x20000d10       0x4c build/main.o
                0x20000d10                htim3
 .bss.htim2     0x20000d5c       0x4c build/main.o
                0x20000d5c                htim2